2026-10-01 15:30:07 | INFO | [data] reusing processed data in task1_llm/shibin_thomas/data_processed/main (same data config)
2026-10-01 15:30:08 | INFO | START run gpt_char_v1_20261001-153007
2026-10-01 15:30:09 | INFO | config=task1_llm/shibin_thomas/configs/gpt_char_v1.yaml overrides=[] hash=5976e3399322
2026-10-01 15:30:09 | INFO | device=cuda precision=bf16 hardware={'device': 'cuda', 'cpu_model': 'Intel64 Family 6 Model 198 Stepping 2, GenuineIntel', 'cpu_count': 24, 'os': 'Windows 11', 'gpu_name': 'NVIDIA GeForce RTX 5090', 'gpu_count': 1, 'gpu_total_memory_gb': 31.84, 'cuda_version': '12.8', 'cudnn_version': 91900}
2026-10-01 15:30:09 | INFO | model={'vocab_size': 90, 'block_size': 256, 'n_layer': 6, 'n_head': 8, 'd_model': 320, 'ffn_mult': 4, 'dropout': 0.1, 'bias': True, 'tie_weights': True}
2026-10-01 15:30:09 | INFO | params total=7,509,120 non_embedding=7,398,400
2026-10-01 15:30:09 | INFO | train_tokens=90,162,497 val_tokens=8,956,317 vocab=90
2026-10-01 15:30:09 | INFO | batch=64x1 block=256 tokens/step=16,384 steps/epoch=5,503 total_steps=55,030 warmup=1,100 epochs=10
2026-10-01 15:30:09 | INFO | epoch 1/10 step 0/55030 lr 5.45e-07 loss 4.5185 grad_norm 14.710 tok/s 29,414
2026-10-01 15:30:12 | INFO | epoch 1/10 step 100/55030 lr 5.51e-05 loss 2.5513 grad_norm 0.950 tok/s 549,757
2026-10-01 15:30:15 | INFO | epoch 1/10 step 200/55030 lr 1.10e-04 loss 2.3266 grad_norm 0.589 tok/s 558,043
2026-10-01 15:30:18 | INFO | epoch 1/10 step 300/55030 lr 1.64e-04 loss 2.2473 grad_norm 1.715 tok/s 560,033
2026-10-01 15:30:21 | INFO | epoch 1/10 step 400/55030 lr 2.19e-04 loss 2.0690 grad_norm 1.283 tok/s 563,807
2026-10-01 15:30:24 | INFO | epoch 1/10 step 500/55030 lr 2.73e-04 loss 1.8702 grad_norm 2.144 tok/s 564,569
2026-10-01 15:30:27 | INFO | epoch 1/10 step 600/55030 lr 3.28e-04 loss 1.6672 grad_norm 1.417 tok/s 563,929
2026-10-01 15:30:30 | INFO | epoch 1/10 step 700/55030 lr 3.82e-04 loss 1.5253 grad_norm 1.290 tok/s 565,244
2026-10-01 15:30:33 | INFO | epoch 1/10 step 800/55030 lr 4.37e-04 loss 1.3662 grad_norm 1.069 tok/s 564,574
2026-10-01 15:30:36 | INFO | epoch 1/10 step 900/55030 lr 4.91e-04 loss 1.2743 grad_norm 1.193 tok/s 563,759
2026-10-01 15:30:38 | INFO | epoch 1/10 step 1000/55030 lr 5.46e-04 loss 1.2498 grad_norm 0.825 tok/s 563,907
2026-10-01 15:30:41 | INFO | epoch 1/10 step 1100/55030 lr 6.00e-04 loss 1.1644 grad_norm 0.761 tok/s 562,280
2026-10-01 15:30:44 | INFO | epoch 1/10 step 1200/55030 lr 6.00e-04 loss 1.1182 grad_norm 0.757 tok/s 564,712
2026-10-01 15:30:47 | INFO | epoch 1/10 step 1300/55030 lr 6.00e-04 loss 1.0684 grad_norm 0.759 tok/s 558,364
2026-10-01 15:30:50 | INFO | epoch 1/10 step 1400/55030 lr 6.00e-04 loss 1.0267 grad_norm 0.681 tok/s 563,714
2026-10-01 15:30:53 | INFO | epoch 1/10 step 1500/55030 lr 6.00e-04 loss 1.0441 grad_norm 0.605 tok/s 562,542
2026-10-01 15:30:56 | INFO | epoch 1/10 step 1600/55030 lr 6.00e-04 loss 0.9657 grad_norm 0.495 tok/s 562,012
2026-10-01 15:30:59 | INFO | epoch 1/10 step 1700/55030 lr 6.00e-04 loss 0.9720 grad_norm 0.539 tok/s 563,981
2026-10-01 15:31:02 | INFO | epoch 1/10 step 1800/55030 lr 6.00e-04 loss 0.9686 grad_norm 0.522 tok/s 559,899
2026-10-01 15:31:05 | INFO | epoch 1/10 step 1900/55030 lr 6.00e-04 loss 0.9427 grad_norm 0.552 tok/s 557,428
2026-10-01 15:31:08 | INFO | epoch 1/10 step 2000/55030 lr 6.00e-04 loss 0.9328 grad_norm 0.469 tok/s 562,137
2026-10-01 15:31:11 | INFO | epoch 1/10 step 2100/55030 lr 6.00e-04 loss 0.8726 grad_norm 0.410 tok/s 562,610
2026-10-01 15:31:13 | INFO | epoch 1/10 step 2200/55030 lr 5.99e-04 loss 0.8807 grad_norm 0.407 tok/s 564,562
2026-10-01 15:31:16 | INFO | epoch 1/10 step 2300/55030 lr 5.99e-04 loss 0.9018 grad_norm 0.436 tok/s 564,215
2026-10-01 15:31:19 | INFO | epoch 1/10 step 2400/55030 lr 5.99e-04 loss 0.8664 grad_norm 0.431 tok/s 563,158
2026-10-01 15:31:22 | INFO | epoch 1/10 step 2500/55030 lr 5.99e-04 loss 0.8448 grad_norm 0.444 tok/s 561,115
2026-10-01 15:31:25 | INFO | epoch 1/10 step 2600/55030 lr 5.99e-04 loss 0.8523 grad_norm 0.388 tok/s 546,940
2026-10-01 15:31:28 | INFO | epoch 1/10 step 2700/55030 lr 5.99e-04 loss 0.8678 grad_norm 0.393 tok/s 553,421
2026-10-01 15:31:31 | INFO | epoch 1/10 step 2800/55030 lr 5.99e-04 loss 0.8165 grad_norm 0.347 tok/s 561,753
2026-10-01 15:31:34 | INFO | epoch 1/10 step 2900/55030 lr 5.99e-04 loss 0.8295 grad_norm 0.354 tok/s 560,655
2026-10-01 15:31:37 | INFO | epoch 1/10 step 3000/55030 lr 5.98e-04 loss 0.8216 grad_norm 0.341 tok/s 560,686
2026-10-01 15:31:40 | INFO | epoch 1/10 step 3100/55030 lr 5.98e-04 loss 0.8105 grad_norm 0.344 tok/s 562,365
2026-10-01 15:31:43 | INFO | epoch 1/10 step 3200/55030 lr 5.98e-04 loss 0.8193 grad_norm 0.357 tok/s 564,244
2026-10-01 15:31:46 | INFO | epoch 1/10 step 3300/55030 lr 5.98e-04 loss 0.8067 grad_norm 0.379 tok/s 561,304
2026-10-01 15:31:49 | INFO | epoch 1/10 step 3400/55030 lr 5.98e-04 loss 0.8014 grad_norm 0.348 tok/s 563,723
2026-10-01 15:31:51 | INFO | epoch 1/10 step 3500/55030 lr 5.97e-04 loss 0.8135 grad_norm 0.346 tok/s 562,368
2026-10-01 15:31:54 | INFO | epoch 1/10 step 3600/55030 lr 5.97e-04 loss 0.7789 grad_norm 0.346 tok/s 560,460
2026-10-01 15:31:57 | INFO | epoch 1/10 step 3700/55030 lr 5.97e-04 loss 0.7682 grad_norm 0.329 tok/s 560,958
2026-10-01 15:32:00 | INFO | epoch 1/10 step 3800/55030 lr 5.97e-04 loss 0.7980 grad_norm 0.321 tok/s 563,073
2026-10-01 15:32:03 | INFO | epoch 1/10 step 3900/55030 lr 5.96e-04 loss 0.7610 grad_norm 0.330 tok/s 561,333
2026-10-01 15:32:06 | INFO | epoch 1/10 step 4000/55030 lr 5.96e-04 loss 0.7874 grad_norm 0.332 tok/s 560,844
2026-10-01 15:32:09 | INFO | epoch 1/10 step 4100/55030 lr 5.96e-04 loss 0.7876 grad_norm 0.335 tok/s 558,436
2026-10-01 15:32:12 | INFO | epoch 1/10 step 4200/55030 lr 5.96e-04 loss 0.7891 grad_norm 0.342 tok/s 555,676
2026-10-01 15:32:15 | INFO | epoch 1/10 step 4300/55030 lr 5.95e-04 loss 0.7385 grad_norm 0.308 tok/s 559,022
2026-10-01 15:32:18 | INFO | epoch 1/10 step 4400/55030 lr 5.95e-04 loss 0.7945 grad_norm 0.309 tok/s 563,672
2026-10-01 15:32:21 | INFO | epoch 1/10 step 4500/55030 lr 5.95e-04 loss 0.7826 grad_norm 0.325 tok/s 562,361
2026-10-01 15:32:24 | INFO | epoch 1/10 step 4600/55030 lr 5.94e-04 loss 0.7437 grad_norm 0.287 tok/s 559,278
2026-10-01 15:32:27 | INFO | epoch 1/10 step 4700/55030 lr 5.94e-04 loss 0.7705 grad_norm 0.309 tok/s 560,803
2026-10-01 15:32:30 | INFO | epoch 1/10 step 4800/55030 lr 5.94e-04 loss 0.7500 grad_norm 0.300 tok/s 555,453
2026-10-01 15:32:32 | INFO | epoch 1/10 step 4900/55030 lr 5.93e-04 loss 0.7492 grad_norm 0.303 tok/s 564,414
2026-10-01 15:32:35 | INFO | epoch 1/10 step 5000/55030 lr 5.93e-04 loss 0.7789 grad_norm 0.306 tok/s 564,726
2026-10-01 15:32:38 | INFO | epoch 1/10 step 5100/55030 lr 5.93e-04 loss 0.7519 grad_norm 0.306 tok/s 563,211
2026-10-01 15:32:41 | INFO | epoch 1/10 step 5200/55030 lr 5.92e-04 loss 0.7714 grad_norm 0.293 tok/s 565,260
2026-10-01 15:32:44 | INFO | epoch 1/10 step 5300/55030 lr 5.92e-04 loss 0.7633 grad_norm 0.290 tok/s 559,278
2026-10-01 15:32:47 | INFO | epoch 1/10 step 5400/55030 lr 5.92e-04 loss 0.7691 grad_norm 0.305 tok/s 558,228
2026-10-01 15:32:50 | INFO | epoch 1/10 step 5500/55030 lr 5.91e-04 loss 0.7432 grad_norm 0.307 tok/s 559,247
2026-10-01 15:32:58 | INFO | EPOCH 1 | train_running 1.0506 | train_eval 0.7129 | val 0.7153 | val_ppl 2.045 | val_bpc 1.032 | val_acc 0.7736 | gap +0.0025 | time 170s
2026-10-01 15:32:59 | INFO | EPOCH 1 sample (greedy): 'Once upon a time, there was a little girl named Lily. She loved to play outside in the sunshine. One day, she found a big box of colorful boxes. It was a big box with a ball. Lily was so excited to see the box and th'
2026-10-01 15:33:00 | INFO | new best val_loss 0.7153 -> task1_llm/shibin_thomas/checkpoints/gpt_char_v1_20261001-153007/best_model.pt
2026-10-01 15:33:03 | INFO | epoch 2/10 step 5600/55030 lr 5.91e-04 loss 0.7468 grad_norm 0.276 tok/s 450,822
2026-10-01 15:33:07 | INFO | epoch 2/10 step 5700/55030 lr 5.90e-04 loss 0.7786 grad_norm 0.293 tok/s 488,098
2026-10-01 15:33:10 | INFO | epoch 2/10 step 5800/55030 lr 5.90e-04 loss 0.7509 grad_norm 0.293 tok/s 422,187
2026-10-01 15:33:14 | INFO | epoch 2/10 step 5900/55030 lr 5.90e-04 loss 0.7348 grad_norm 0.281 tok/s 449,808
2026-10-01 15:33:18 | INFO | epoch 2/10 step 6000/55030 lr 5.89e-04 loss 0.7490 grad_norm 0.284 tok/s 440,391
2026-10-01 15:33:22 | INFO | epoch 2/10 step 6100/55030 lr 5.89e-04 loss 0.7720 grad_norm 0.289 tok/s 423,753
2026-10-01 15:33:26 | INFO | epoch 2/10 step 6200/55030 lr 5.88e-04 loss 0.7542 grad_norm 0.278 tok/s 407,552
2026-10-01 15:33:30 | INFO | epoch 2/10 step 6300/55030 lr 5.88e-04 loss 0.7525 grad_norm 0.282 tok/s 430,508
2026-10-01 15:33:33 | INFO | epoch 2/10 step 6400/55030 lr 5.87e-04 loss 0.7610 grad_norm 0.294 tok/s 445,950
2026-10-01 15:33:37 | INFO | epoch 2/10 step 6500/55030 lr 5.87e-04 loss 0.7564 grad_norm 0.293 tok/s 427,150
2026-10-01 15:33:41 | INFO | epoch 2/10 step 6600/55030 lr 5.86e-04 loss 0.7466 grad_norm 0.281 tok/s 440,158
2026-10-01 15:33:44 | INFO | epoch 2/10 step 6700/55030 lr 5.86e-04 loss 0.7366 grad_norm 0.268 tok/s 467,995
2026-10-01 15:33:47 | INFO | epoch 2/10 step 6800/55030 lr 5.85e-04 loss 0.7460 grad_norm 0.291 tok/s 553,556
2026-10-01 15:33:50 | INFO | epoch 2/10 step 6900/55030 lr 5.85e-04 loss 0.7284 grad_norm 0.268 tok/s 554,041
2026-10-01 15:33:53 | INFO | epoch 2/10 step 7000/55030 lr 5.84e-04 loss 0.7495 grad_norm 0.284 tok/s 561,417
2026-10-01 15:33:56 | INFO | epoch 2/10 step 7100/55030 lr 5.84e-04 loss 0.7376 grad_norm 0.297 tok/s 564,746
2026-10-01 15:33:59 | INFO | epoch 2/10 step 7200/55030 lr 5.83e-04 loss 0.7692 grad_norm 0.286 tok/s 565,351
2026-10-01 15:34:02 | INFO | epoch 2/10 step 7300/55030 lr 5.83e-04 loss 0.7346 grad_norm 0.273 tok/s 562,787
2026-10-01 15:34:05 | INFO | epoch 2/10 step 7400/55030 lr 5.82e-04 loss 0.7153 grad_norm 0.256 tok/s 564,783
2026-10-01 15:34:08 | INFO | epoch 2/10 step 7500/55030 lr 5.81e-04 loss 0.7440 grad_norm 0.272 tok/s 559,404
2026-10-01 15:34:11 | INFO | epoch 2/10 step 7600/55030 lr 5.81e-04 loss 0.7235 grad_norm 0.280 tok/s 565,458
2026-10-01 15:34:13 | INFO | epoch 2/10 step 7700/55030 lr 5.80e-04 loss 0.7205 grad_norm 0.260 tok/s 563,855
2026-10-01 15:34:16 | INFO | epoch 2/10 step 7800/55030 lr 5.80e-04 loss 0.7148 grad_norm 0.260 tok/s 563,515
2026-10-01 15:34:19 | INFO | epoch 2/10 step 7900/55030 lr 5.79e-04 loss 0.7185 grad_norm 0.278 tok/s 564,887
2026-10-01 15:34:22 | INFO | epoch 2/10 step 8000/55030 lr 5.78e-04 loss 0.7179 grad_norm 0.275 tok/s 565,045
2026-10-01 15:34:25 | INFO | epoch 2/10 step 8100/55030 lr 5.78e-04 loss 0.7336 grad_norm 0.265 tok/s 563,868
2026-10-01 15:34:28 | INFO | epoch 2/10 step 8200/55030 lr 5.77e-04 loss 0.7230 grad_norm 0.271 tok/s 561,754
2026-10-01 15:34:31 | INFO | epoch 2/10 step 8300/55030 lr 5.77e-04 loss 0.7281 grad_norm 0.270 tok/s 564,248
2026-10-01 15:34:34 | INFO | epoch 2/10 step 8400/55030 lr 5.76e-04 loss 0.7145 grad_norm 0.253 tok/s 565,298
2026-10-01 15:34:37 | INFO | epoch 2/10 step 8500/55030 lr 5.75e-04 loss 0.7113 grad_norm 0.268 tok/s 565,033
2026-10-01 15:34:40 | INFO | epoch 2/10 step 8600/55030 lr 5.75e-04 loss 0.7370 grad_norm 0.261 tok/s 563,349
2026-10-01 15:34:42 | INFO | epoch 2/10 step 8700/55030 lr 5.74e-04 loss 0.7089 grad_norm 0.262 tok/s 563,381
2026-10-01 15:34:45 | INFO | epoch 2/10 step 8800/55030 lr 5.73e-04 loss 0.7198 grad_norm 0.283 tok/s 554,616
2026-10-01 15:34:48 | INFO | epoch 2/10 step 8900/55030 lr 5.73e-04 loss 0.7284 grad_norm 0.279 tok/s 559,647
2026-10-01 15:34:51 | INFO | epoch 2/10 step 9000/55030 lr 5.72e-04 loss 0.7202 grad_norm 0.267 tok/s 565,155
2026-10-01 15:34:54 | INFO | epoch 2/10 step 9100/55030 lr 5.71e-04 loss 0.7013 grad_norm 0.258 tok/s 561,324
2026-10-01 15:34:57 | INFO | epoch 2/10 step 9200/55030 lr 5.70e-04 loss 0.7098 grad_norm 0.260 tok/s 564,408
2026-10-01 15:35:00 | INFO | epoch 2/10 step 9300/55030 lr 5.70e-04 loss 0.7117 grad_norm 0.257 tok/s 565,373
2026-10-01 15:35:03 | INFO | epoch 2/10 step 9400/55030 lr 5.69e-04 loss 0.7165 grad_norm 0.261 tok/s 565,974
2026-10-01 15:35:06 | INFO | epoch 2/10 step 9500/55030 lr 5.68e-04 loss 0.6961 grad_norm 0.249 tok/s 565,503
2026-10-01 15:35:09 | INFO | epoch 2/10 step 9600/55030 lr 5.68e-04 loss 0.7045 grad_norm 0.264 tok/s 565,484
2026-10-01 15:35:12 | INFO | epoch 2/10 step 9700/55030 lr 5.67e-04 loss 0.7216 grad_norm 0.261 tok/s 565,654
2026-10-01 15:35:14 | INFO | epoch 2/10 step 9800/55030 lr 5.66e-04 loss 0.7113 grad_norm 0.255 tok/s 563,759
2026-10-01 15:35:17 | INFO | epoch 2/10 step 9900/55030 lr 5.65e-04 loss 0.6973 grad_norm 0.258 tok/s 555,837
2026-10-01 15:35:20 | INFO | epoch 2/10 step 10000/55030 lr 5.65e-04 loss 0.6995 grad_norm 0.251 tok/s 561,238
2026-10-01 15:35:23 | INFO | epoch 2/10 step 10100/55030 lr 5.64e-04 loss 0.6782 grad_norm 0.246 tok/s 555,326
2026-10-01 15:35:26 | INFO | epoch 2/10 step 10200/55030 lr 5.63e-04 loss 0.6723 grad_norm 0.247 tok/s 559,270
2026-10-01 15:35:29 | INFO | epoch 2/10 step 10300/55030 lr 5.62e-04 loss 0.6720 grad_norm 0.252 tok/s 551,811
2026-10-01 15:35:32 | INFO | epoch 2/10 step 10400/55030 lr 5.61e-04 loss 0.6946 grad_norm 0.261 tok/s 556,892
2026-10-01 15:35:35 | INFO | epoch 2/10 step 10500/55030 lr 5.61e-04 loss 0.7170 grad_norm 0.259 tok/s 549,041
2026-10-01 15:35:38 | INFO | epoch 2/10 step 10600/55030 lr 5.60e-04 loss 0.7195 grad_norm 0.258 tok/s 551,844
2026-10-01 15:35:41 | INFO | epoch 2/10 step 10700/55030 lr 5.59e-04 loss 0.6863 grad_norm 0.245 tok/s 554,592
2026-10-01 15:35:44 | INFO | epoch 2/10 step 10800/55030 lr 5.58e-04 loss 0.6881 grad_norm 0.252 tok/s 558,697
2026-10-01 15:35:47 | INFO | epoch 2/10 step 10900/55030 lr 5.57e-04 loss 0.7165 grad_norm 0.260 tok/s 558,594
2026-10-01 15:35:50 | INFO | epoch 2/10 step 11000/55030 lr 5.56e-04 loss 0.7042 grad_norm 0.273 tok/s 542,590
2026-10-01 15:35:59 | INFO | EPOCH 2 | train_running 0.7216 | train_eval 0.6621 | val 0.6661 | val_ppl 1.947 | val_bpc 0.961 | val_acc 0.7884 | gap +0.0040 | time 179s
2026-10-01 15:35:59 | INFO | EPOCH 2 sample (greedy): 'Once upon a time, there was a little girl named Lily. She loved to play outside in the sunshine. One day, she saw a big star in the sky. It was a big star with a big smile on it. She wanted to see what was inside.\n\nL'
2026-10-01 15:35:59 | INFO | new best val_loss 0.6661 -> task1_llm/shibin_thomas/checkpoints/gpt_char_v1_20261001-153007/best_model.pt
2026-10-01 15:36:02 | INFO | epoch 3/10 step 11100/55030 lr 5.55e-04 loss 0.7004 grad_norm 0.260 tok/s 539,944
2026-10-01 15:36:05 | INFO | epoch 3/10 step 11200/55030 lr 5.55e-04 loss 0.6780 grad_norm 0.250 tok/s 536,203
2026-10-01 15:36:08 | INFO | epoch 3/10 step 11300/55030 lr 5.54e-04 loss 0.7129 grad_norm 0.267 tok/s 529,104
2026-10-01 15:36:12 | INFO | epoch 3/10 step 11400/55030 lr 5.53e-04 loss 0.6878 grad_norm 0.244 tok/s 538,274
2026-10-01 15:36:15 | INFO | epoch 3/10 step 11500/55030 lr 5.52e-04 loss 0.6730 grad_norm 0.244 tok/s 530,277
2026-10-01 15:36:18 | INFO | epoch 3/10 step 11600/55030 lr 5.51e-04 loss 0.7029 grad_norm 0.246 tok/s 536,414
2026-10-01 15:36:21 | INFO | epoch 3/10 step 11700/55030 lr 5.50e-04 loss 0.6739 grad_norm 0.249 tok/s 540,421
2026-10-01 15:36:24 | INFO | epoch 3/10 step 11800/55030 lr 5.49e-04 loss 0.6950 grad_norm 0.244 tok/s 543,937
2026-10-01 15:36:27 | INFO | epoch 3/10 step 11900/55030 lr 5.48e-04 loss 0.7027 grad_norm 0.263 tok/s 532,137
2026-10-01 15:36:30 | INFO | epoch 3/10 step 12000/55030 lr 5.47e-04 loss 0.6844 grad_norm 0.249 tok/s 532,318
2026-10-01 15:36:33 | INFO | epoch 3/10 step 12100/55030 lr 5.46e-04 loss 0.7024 grad_norm 0.245 tok/s 536,628
2026-10-01 15:36:36 | INFO | epoch 3/10 step 12200/55030 lr 5.45e-04 loss 0.7134 grad_norm 0.255 tok/s 537,899
2026-10-01 15:36:39 | INFO | epoch 3/10 step 12300/55030 lr 5.45e-04 loss 0.6750 grad_norm 0.254 tok/s 534,800
2026-10-01 15:36:42 | INFO | epoch 3/10 step 12400/55030 lr 5.44e-04 loss 0.7041 grad_norm 0.248 tok/s 529,724
2026-10-01 15:36:45 | INFO | epoch 3/10 step 12500/55030 lr 5.43e-04 loss 0.6749 grad_norm 0.244 tok/s 531,813
2026-10-01 15:36:48 | INFO | epoch 3/10 step 12600/55030 lr 5.42e-04 loss 0.6702 grad_norm 0.250 tok/s 532,960
2026-10-01 15:36:51 | INFO | epoch 3/10 step 12700/55030 lr 5.41e-04 loss 0.7030 grad_norm 0.249 tok/s 543,142
2026-10-01 15:36:54 | INFO | epoch 3/10 step 12800/55030 lr 5.40e-04 loss 0.6798 grad_norm 0.236 tok/s 542,804
2026-10-01 15:36:57 | INFO | epoch 3/10 step 12900/55030 lr 5.39e-04 loss 0.6847 grad_norm 0.239 tok/s 543,493
2026-10-01 15:37:00 | INFO | epoch 3/10 step 13000/55030 lr 5.38e-04 loss 0.6867 grad_norm 0.256 tok/s 543,175
2026-10-01 15:37:03 | INFO | epoch 3/10 step 13100/55030 lr 5.37e-04 loss 0.7144 grad_norm 0.265 tok/s 544,846
2026-10-01 15:37:06 | INFO | epoch 3/10 step 13200/55030 lr 5.36e-04 loss 0.6970 grad_norm 0.250 tok/s 528,864
2026-10-01 15:37:10 | INFO | epoch 3/10 step 13300/55030 lr 5.35e-04 loss 0.7244 grad_norm 0.252 tok/s 532,387
2026-10-01 15:37:13 | INFO | epoch 3/10 step 13400/55030 lr 5.34e-04 loss 0.6676 grad_norm 0.241 tok/s 540,383
2026-10-01 15:37:16 | INFO | epoch 3/10 step 13500/55030 lr 5.33e-04 loss 0.7037 grad_norm 0.245 tok/s 533,994
2026-10-01 15:37:19 | INFO | epoch 3/10 step 13600/55030 lr 5.32e-04 loss 0.6821 grad_norm 0.252 tok/s 539,619
2026-10-01 15:37:22 | INFO | epoch 3/10 step 13700/55030 lr 5.30e-04 loss 0.6785 grad_norm 0.246 tok/s 532,854
2026-10-01 15:37:25 | INFO | epoch 3/10 step 13800/55030 lr 5.29e-04 loss 0.6775 grad_norm 0.250 tok/s 541,773
2026-10-01 15:37:28 | INFO | epoch 3/10 step 13900/55030 lr 5.28e-04 loss 0.6864 grad_norm 0.256 tok/s 543,633
2026-10-01 15:37:31 | INFO | epoch 3/10 step 14000/55030 lr 5.27e-04 loss 0.7028 grad_norm 0.257 tok/s 537,880
2026-10-01 15:37:34 | INFO | epoch 3/10 step 14100/55030 lr 5.26e-04 loss 0.6801 grad_norm 0.252 tok/s 531,893
2026-10-01 15:37:37 | INFO | epoch 3/10 step 14200/55030 lr 5.25e-04 loss 0.7086 grad_norm 0.260 tok/s 535,492
2026-10-01 15:37:40 | INFO | epoch 3/10 step 14300/55030 lr 5.24e-04 loss 0.6604 grad_norm 0.239 tok/s 541,103
2026-10-01 15:37:43 | INFO | epoch 3/10 step 14400/55030 lr 5.23e-04 loss 0.6851 grad_norm 0.239 tok/s 538,294
2026-10-01 15:37:46 | INFO | epoch 3/10 step 14500/55030 lr 5.22e-04 loss 0.6811 grad_norm 0.252 tok/s 531,881
2026-10-01 15:37:49 | INFO | epoch 3/10 step 14600/55030 lr 5.21e-04 loss 0.6665 grad_norm 0.247 tok/s 538,847
2026-10-01 15:37:52 | INFO | epoch 3/10 step 14700/55030 lr 5.20e-04 loss 0.6466 grad_norm 0.239 tok/s 537,852
2026-10-01 15:37:55 | INFO | epoch 3/10 step 14800/55030 lr 5.18e-04 loss 0.6706 grad_norm 0.246 tok/s 536,577
2026-10-01 15:37:58 | INFO | epoch 3/10 step 14900/55030 lr 5.17e-04 loss 0.6657 grad_norm 0.252 tok/s 543,240
2026-10-01 15:38:01 | INFO | epoch 3/10 step 15000/55030 lr 5.16e-04 loss 0.6521 grad_norm 0.231 tok/s 539,894
2026-10-01 15:38:04 | INFO | epoch 3/10 step 15100/55030 lr 5.15e-04 loss 0.6561 grad_norm 0.238 tok/s 541,743
2026-10-01 15:38:07 | INFO | epoch 3/10 step 15200/55030 lr 5.14e-04 loss 0.6689 grad_norm 0.244 tok/s 545,158
2026-10-01 15:38:10 | INFO | epoch 3/10 step 15300/55030 lr 5.13e-04 loss 0.6797 grad_norm 0.255 tok/s 542,877
2026-10-01 15:38:13 | INFO | epoch 3/10 step 15400/55030 lr 5.12e-04 loss 0.6798 grad_norm 0.249 tok/s 538,481
2026-10-01 15:38:16 | INFO | epoch 3/10 step 15500/55030 lr 5.10e-04 loss 0.7091 grad_norm 0.257 tok/s 544,012
2026-10-01 15:38:20 | INFO | epoch 3/10 step 15600/55030 lr 5.09e-04 loss 0.6784 grad_norm 0.240 tok/s 520,403
2026-10-01 15:38:23 | INFO | epoch 3/10 step 15700/55030 lr 5.08e-04 loss 0.6794 grad_norm 0.239 tok/s 521,594
2026-10-01 15:38:26 | INFO | epoch 3/10 step 15800/55030 lr 5.07e-04 loss 0.6922 grad_norm 0.238 tok/s 531,151
2026-10-01 15:38:29 | INFO | epoch 3/10 step 15900/55030 lr 5.06e-04 loss 0.6524 grad_norm 0.240 tok/s 542,248
2026-10-01 15:38:32 | INFO | epoch 3/10 step 16000/55030 lr 5.05e-04 loss 0.6662 grad_norm 0.252 tok/s 542,722
2026-10-01 15:38:35 | INFO | epoch 3/10 step 16100/55030 lr 5.03e-04 loss 0.6638 grad_norm 0.237 tok/s 538,166
2026-10-01 15:38:38 | INFO | epoch 3/10 step 16200/55030 lr 5.02e-04 loss 0.6907 grad_norm 0.259 tok/s 529,145
2026-10-01 15:38:41 | INFO | epoch 3/10 step 16300/55030 lr 5.01e-04 loss 0.6534 grad_norm 0.252 tok/s 525,414
2026-10-01 15:38:44 | INFO | epoch 3/10 step 16400/55030 lr 5.00e-04 loss 0.6662 grad_norm 0.233 tok/s 536,917
2026-10-01 15:38:47 | INFO | epoch 3/10 step 16500/55030 lr 4.98e-04 loss 0.7167 grad_norm 0.266 tok/s 536,635
2026-10-01 15:38:56 | INFO | EPOCH 3 | train_running 0.6844 | train_eval 0.6357 | val 0.6420 | val_ppl 1.900 | val_bpc 0.926 | val_acc 0.7957 | gap +0.0062 | time 176s
2026-10-01 15:38:56 | INFO | EPOCH 3 sample (greedy): 'Once upon a time, there was a little girl named Lily. She loved to play outside in the sunshine. One day, she saw a big tree with a long tail. She wanted to climb it, but she was too small to climb it.\n\nLily was sad '
2026-10-01 15:38:56 | INFO | new best val_loss 0.6420 -> task1_llm/shibin_thomas/checkpoints/gpt_char_v1_20261001-153007/best_model.pt
2026-10-01 15:38:59 | INFO | epoch 4/10 step 16600/55030 lr 4.97e-04 loss 0.6613 grad_norm 0.244 tok/s 535,277
2026-10-01 15:39:02 | INFO | epoch 4/10 step 16700/55030 lr 4.96e-04 loss 0.6707 grad_norm 0.252 tok/s 519,885
2026-10-01 15:39:06 | INFO | epoch 4/10 step 16800/55030 lr 4.95e-04 loss 0.6597 grad_norm 0.238 tok/s 536,291
2026-10-01 15:39:09 | INFO | epoch 4/10 step 16900/55030 lr 4.93e-04 loss 0.6347 grad_norm 0.239 tok/s 537,922
2026-10-01 15:39:12 | INFO | epoch 4/10 step 17000/55030 lr 4.92e-04 loss 0.6599 grad_norm 0.240 tok/s 537,043
2026-10-01 15:39:15 | INFO | epoch 4/10 step 17100/55030 lr 4.91e-04 loss 0.6595 grad_norm 0.246 tok/s 529,018
2026-10-01 15:39:18 | INFO | epoch 4/10 step 17200/55030 lr 4.90e-04 loss 0.6511 grad_norm 0.241 tok/s 520,520
2026-10-01 15:39:21 | INFO | epoch 4/10 step 17300/55030 lr 4.88e-04 loss 0.6777 grad_norm 0.242 tok/s 537,671
2026-10-01 15:39:24 | INFO | epoch 4/10 step 17400/55030 lr 4.87e-04 loss 0.6831 grad_norm 0.252 tok/s 538,958
2026-10-01 15:39:27 | INFO | epoch 4/10 step 17500/55030 lr 4.86e-04 loss 0.6637 grad_norm 0.239 tok/s 523,191
2026-10-01 15:39:30 | INFO | epoch 4/10 step 17600/55030 lr 4.85e-04 loss 0.6842 grad_norm 0.252 tok/s 524,105
2026-10-01 15:39:33 | INFO | epoch 4/10 step 17700/55030 lr 4.83e-04 loss 0.6583 grad_norm 0.252 tok/s 535,629
2026-10-01 15:39:36 | INFO | epoch 4/10 step 17800/55030 lr 4.82e-04 loss 0.6966 grad_norm 0.245 tok/s 537,989
2026-10-01 15:39:39 | INFO | epoch 4/10 step 17900/55030 lr 4.81e-04 loss 0.6875 grad_norm 0.241 tok/s 544,008
2026-10-01 15:39:42 | INFO | epoch 4/10 step 18000/55030 lr 4.79e-04 loss 0.6822 grad_norm 0.243 tok/s 535,252
2026-10-01 15:39:45 | INFO | epoch 4/10 step 18100/55030 lr 4.78e-04 loss 0.6346 grad_norm 0.248 tok/s 531,450
2026-10-01 15:39:49 | INFO | epoch 4/10 step 18200/55030 lr 4.77e-04 loss 0.6773 grad_norm 0.265 tok/s 534,029
2026-10-01 15:39:52 | INFO | epoch 4/10 step 18300/55030 lr 4.75e-04 loss 0.6506 grad_norm 0.244 tok/s 540,387
2026-10-01 15:39:55 | INFO | epoch 4/10 step 18400/55030 lr 4.74e-04 loss 0.6269 grad_norm 0.234 tok/s 545,674
2026-10-01 15:39:58 | INFO | epoch 4/10 step 18500/55030 lr 4.73e-04 loss 0.6552 grad_norm 0.242 tok/s 540,074
2026-10-01 15:40:01 | INFO | epoch 4/10 step 18600/55030 lr 4.71e-04 loss 0.6714 grad_norm 0.242 tok/s 541,432
2026-10-01 15:40:04 | INFO | epoch 4/10 step 18700/55030 lr 4.70e-04 loss 0.6830 grad_norm 0.252 tok/s 538,886
2026-10-01 15:40:07 | INFO | epoch 4/10 step 18800/55030 lr 4.69e-04 loss 0.6693 grad_norm 0.242 tok/s 546,473
2026-10-01 15:40:10 | INFO | epoch 4/10 step 18900/55030 lr 4.67e-04 loss 0.6662 grad_norm 0.257 tok/s 545,719
2026-10-01 15:40:13 | INFO | epoch 4/10 step 19000/55030 lr 4.66e-04 loss 0.6516 grad_norm 0.245 tok/s 544,042
2026-10-01 15:40:16 | INFO | epoch 4/10 step 19100/55030 lr 4.65e-04 loss 0.6627 grad_norm 0.237 tok/s 543,809
2026-10-01 15:40:19 | INFO | epoch 4/10 step 19200/55030 lr 4.63e-04 loss 0.6575 grad_norm 0.242 tok/s 542,954
2026-10-01 15:40:22 | INFO | epoch 4/10 step 19300/55030 lr 4.62e-04 loss 0.6835 grad_norm 0.245 tok/s 540,429
2026-10-01 15:40:25 | INFO | epoch 4/10 step 19400/55030 lr 4.61e-04 loss 0.6455 grad_norm 0.241 tok/s 541,899
2026-10-01 15:40:28 | INFO | epoch 4/10 step 19500/55030 lr 4.59e-04 loss 0.6775 grad_norm 0.247 tok/s 533,662
2026-10-01 15:40:31 | INFO | epoch 4/10 step 19600/55030 lr 4.58e-04 loss 0.6231 grad_norm 0.240 tok/s 529,969
2026-10-01 15:40:34 | INFO | epoch 4/10 step 19700/55030 lr 4.56e-04 loss 0.6389 grad_norm 0.241 tok/s 536,960
2026-10-01 15:40:37 | INFO | epoch 4/10 step 19800/55030 lr 4.55e-04 loss 0.6628 grad_norm 0.239 tok/s 530,035
2026-10-01 15:40:40 | INFO | epoch 4/10 step 19900/55030 lr 4.54e-04 loss 0.6718 grad_norm 0.242 tok/s 532,251
2026-10-01 15:40:43 | INFO | epoch 4/10 step 20000/55030 lr 4.52e-04 loss 0.6658 grad_norm 0.246 tok/s 528,331
2026-10-01 15:40:46 | INFO | epoch 4/10 step 20100/55030 lr 4.51e-04 loss 0.6605 grad_norm 0.242 tok/s 527,711
2026-10-01 15:40:49 | INFO | epoch 4/10 step 20200/55030 lr 4.49e-04 loss 0.6476 grad_norm 0.232 tok/s 539,408
2026-10-01 15:40:52 | INFO | epoch 4/10 step 20300/55030 lr 4.48e-04 loss 0.6338 grad_norm 0.239 tok/s 545,128
2026-10-01 15:40:55 | INFO | epoch 4/10 step 20400/55030 lr 4.47e-04 loss 0.6500 grad_norm 0.254 tok/s 536,092
2026-10-01 15:40:59 | INFO | epoch 4/10 step 20500/55030 lr 4.45e-04 loss 0.6665 grad_norm 0.240 tok/s 540,583
2026-10-01 15:41:02 | INFO | epoch 4/10 step 20600/55030 lr 4.44e-04 loss 0.6748 grad_norm 0.246 tok/s 542,522
2026-10-01 15:41:05 | INFO | epoch 4/10 step 20700/55030 lr 4.42e-04 loss 0.6649 grad_norm 0.240 tok/s 543,090
2026-10-01 15:41:08 | INFO | epoch 4/10 step 20800/55030 lr 4.41e-04 loss 0.6764 grad_norm 0.251 tok/s 542,882
2026-10-01 15:41:11 | INFO | epoch 4/10 step 20900/55030 lr 4.39e-04 loss 0.6575 grad_norm 0.249 tok/s 545,784
2026-10-01 15:41:14 | INFO | epoch 4/10 step 21000/55030 lr 4.38e-04 loss 0.6638 grad_norm 0.244 tok/s 543,989
2026-10-01 15:41:17 | INFO | epoch 4/10 step 21100/55030 lr 4.37e-04 loss 0.6731 grad_norm 0.252 tok/s 542,381
2026-10-01 15:41:20 | INFO | epoch 4/10 step 21200/55030 lr 4.35e-04 loss 0.6707 grad_norm 0.244 tok/s 547,793
2026-10-01 15:41:23 | INFO | epoch 4/10 step 21300/55030 lr 4.34e-04 loss 0.6640 grad_norm 0.245 tok/s 557,296
2026-10-01 15:41:25 | INFO | epoch 4/10 step 21400/55030 lr 4.32e-04 loss 0.6628 grad_norm 0.253 tok/s 554,672
2026-10-01 15:41:28 | INFO | epoch 4/10 step 21500/55030 lr 4.31e-04 loss 0.6780 grad_norm 0.252 tok/s 557,805
2026-10-01 15:41:31 | INFO | epoch 4/10 step 21600/55030 lr 4.29e-04 loss 0.6758 grad_norm 0.248 tok/s 559,274
2026-10-01 15:41:34 | INFO | epoch 4/10 step 21700/55030 lr 4.28e-04 loss 0.6470 grad_norm 0.246 tok/s 549,551
2026-10-01 15:41:37 | INFO | epoch 4/10 step 21800/55030 lr 4.26e-04 loss 0.6449 grad_norm 0.244 tok/s 561,901
2026-10-01 15:41:40 | INFO | epoch 4/10 step 21900/55030 lr 4.25e-04 loss 0.6454 grad_norm 0.240 tok/s 549,924
2026-10-01 15:41:43 | INFO | epoch 4/10 step 22000/55030 lr 4.23e-04 loss 0.6614 grad_norm 0.243 tok/s 535,503
2026-10-01 15:41:52 | INFO | EPOCH 4 | train_running 0.6625 | train_eval 0.6188 | val 0.6254 | val_ppl 1.869 | val_bpc 0.902 | val_acc 0.8007 | gap +0.0066 | time 175s
2026-10-01 15:41:53 | INFO | EPOCH 4 sample (greedy): 'Once upon a time, there was a little girl named Lily. She loved to play outside in the sunshine and explore the world around her. One day, she found a big box of toys in the ground. She picked up a box of toys and pu'
2026-10-01 15:41:53 | INFO | new best val_loss 0.6254 -> task1_llm/shibin_thomas/checkpoints/gpt_char_v1_20261001-153007/best_model.pt
2026-10-01 15:41:55 | INFO | epoch 5/10 step 22100/55030 lr 4.22e-04 loss 0.6743 grad_norm 0.245 tok/s 543,088
2026-10-01 15:41:58 | INFO | epoch 5/10 step 22200/55030 lr 4.20e-04 loss 0.6711 grad_norm 0.254 tok/s 553,730
2026-10-01 15:42:01 | INFO | epoch 5/10 step 22300/55030 lr 4.19e-04 loss 0.6753 grad_norm 0.263 tok/s 555,474
2026-10-01 15:42:04 | INFO | epoch 5/10 step 22400/55030 lr 4.17e-04 loss 0.6459 grad_norm 0.248 tok/s 558,722
2026-10-01 15:42:07 | INFO | epoch 5/10 step 22500/55030 lr 4.16e-04 loss 0.6645 grad_norm 0.247 tok/s 554,415
2026-10-01 15:42:10 | INFO | epoch 5/10 step 22600/55030 lr 4.15e-04 loss 0.6721 grad_norm 0.260 tok/s 552,058
2026-10-01 15:42:13 | INFO | epoch 5/10 step 22700/55030 lr 4.13e-04 loss 0.6410 grad_norm 0.241 tok/s 552,298
2026-10-01 15:42:16 | INFO | epoch 5/10 step 22800/55030 lr 4.12e-04 loss 0.6485 grad_norm 0.244 tok/s 551,673
2026-10-01 15:42:19 | INFO | epoch 5/10 step 22900/55030 lr 4.10e-04 loss 0.6288 grad_norm 0.242 tok/s 540,375
2026-10-01 15:42:22 | INFO | epoch 5/10 step 23000/55030 lr 4.09e-04 loss 0.6279 grad_norm 0.246 tok/s 539,693
2026-10-01 15:42:25 | INFO | epoch 5/10 step 23100/55030 lr 4.07e-04 loss 0.6383 grad_norm 0.249 tok/s 548,127
2026-10-01 15:42:28 | INFO | epoch 5/10 step 23200/55030 lr 4.05e-04 loss 0.6801 grad_norm 0.263 tok/s 547,828
2026-10-01 15:42:31 | INFO | epoch 5/10 step 23300/55030 lr 4.04e-04 loss 0.6590 grad_norm 0.244 tok/s 544,897
2026-10-01 15:42:34 | INFO | epoch 5/10 step 23400/55030 lr 4.02e-04 loss 0.6696 grad_norm 0.257 tok/s 545,178
2026-10-01 15:42:37 | INFO | epoch 5/10 step 23500/55030 lr 4.01e-04 loss 0.6588 grad_norm 0.236 tok/s 541,599
2026-10-01 15:42:40 | INFO | epoch 5/10 step 23600/55030 lr 3.99e-04 loss 0.6753 grad_norm 0.253 tok/s 559,608
2026-10-01 15:42:43 | INFO | epoch 5/10 step 23700/55030 lr 3.98e-04 loss 0.6608 grad_norm 0.257 tok/s 561,174
2026-10-01 15:42:46 | INFO | epoch 5/10 step 23800/55030 lr 3.96e-04 loss 0.6572 grad_norm 0.241 tok/s 559,393
2026-10-01 15:42:49 | INFO | epoch 5/10 step 23900/55030 lr 3.95e-04 loss 0.6592 grad_norm 0.248 tok/s 546,750
2026-10-01 15:42:52 | INFO | epoch 5/10 step 24000/55030 lr 3.93e-04 loss 0.6758 grad_norm 0.261 tok/s 544,946
2026-10-01 15:42:55 | INFO | epoch 5/10 step 24100/55030 lr 3.92e-04 loss 0.6378 grad_norm 0.239 tok/s 549,773
2026-10-01 15:42:58 | INFO | epoch 5/10 step 24200/55030 lr 3.90e-04 loss 0.6530 grad_norm 0.259 tok/s 547,633
2026-10-01 15:43:01 | INFO | epoch 5/10 step 24300/55030 lr 3.89e-04 loss 0.6586 grad_norm 0.248 tok/s 557,560
2026-10-01 15:43:04 | INFO | epoch 5/10 step 24400/55030 lr 3.87e-04 loss 0.6237 grad_norm 0.247 tok/s 553,470
2026-10-01 15:43:07 | INFO | epoch 5/10 step 24500/55030 lr 3.86e-04 loss 0.6580 grad_norm 0.246 tok/s 550,125
2026-10-01 15:43:10 | INFO | epoch 5/10 step 24600/55030 lr 3.84e-04 loss 0.6925 grad_norm 0.271 tok/s 546,775
2026-10-01 15:43:13 | INFO | epoch 5/10 step 24700/55030 lr 3.83e-04 loss 0.6631 grad_norm 0.248 tok/s 556,556
2026-10-01 15:43:16 | INFO | epoch 5/10 step 24800/55030 lr 3.81e-04 loss 0.6223 grad_norm 0.243 tok/s 555,581
2026-10-01 15:43:19 | INFO | epoch 5/10 step 24900/55030 lr 3.79e-04 loss 0.6341 grad_norm 0.254 tok/s 556,082
2026-10-01 15:43:22 | INFO | epoch 5/10 step 25000/55030 lr 3.78e-04 loss 0.6626 grad_norm 0.243 tok/s 554,991
2026-10-01 15:43:25 | INFO | epoch 5/10 step 25100/55030 lr 3.76e-04 loss 0.6161 grad_norm 0.242 tok/s 559,101
2026-10-01 15:43:27 | INFO | epoch 5/10 step 25200/55030 lr 3.75e-04 loss 0.6605 grad_norm 0.258 tok/s 556,597
2026-10-01 15:43:30 | INFO | epoch 5/10 step 25300/55030 lr 3.73e-04 loss 0.6404 grad_norm 0.244 tok/s 556,568
2026-10-01 15:43:33 | INFO | epoch 5/10 step 25400/55030 lr 3.72e-04 loss 0.6526 grad_norm 0.259 tok/s 561,177
2026-10-01 15:43:36 | INFO | epoch 5/10 step 25500/55030 lr 3.70e-04 loss 0.6652 grad_norm 0.248 tok/s 558,628
2026-10-01 15:43:39 | INFO | epoch 5/10 step 25600/55030 lr 3.69e-04 loss 0.6393 grad_norm 0.252 tok/s 558,226
2026-10-01 15:43:42 | INFO | epoch 5/10 step 25700/55030 lr 3.67e-04 loss 0.6462 grad_norm 0.256 tok/s 557,767
2026-10-01 15:43:45 | INFO | epoch 5/10 step 25800/55030 lr 3.66e-04 loss 0.6609 grad_norm 0.260 tok/s 556,900
2026-10-01 15:43:48 | INFO | epoch 5/10 step 25900/55030 lr 3.64e-04 loss 0.6342 grad_norm 0.241 tok/s 560,796
2026-10-01 15:43:51 | INFO | epoch 5/10 step 26000/55030 lr 3.62e-04 loss 0.6427 grad_norm 0.243 tok/s 560,578
2026-10-01 15:43:54 | INFO | epoch 5/10 step 26100/55030 lr 3.61e-04 loss 0.6440 grad_norm 0.249 tok/s 560,612
2026-10-01 15:43:57 | INFO | epoch 5/10 step 26200/55030 lr 3.59e-04 loss 0.6402 grad_norm 0.253 tok/s 559,200
2026-10-01 15:44:00 | INFO | epoch 5/10 step 26300/55030 lr 3.58e-04 loss 0.6374 grad_norm 0.242 tok/s 559,872
2026-10-01 15:44:03 | INFO | epoch 5/10 step 26400/55030 lr 3.56e-04 loss 0.6494 grad_norm 0.248 tok/s 560,941
2026-10-01 15:44:06 | INFO | epoch 5/10 step 26500/55030 lr 3.55e-04 loss 0.6393 grad_norm 0.251 tok/s 558,172
2026-10-01 15:44:09 | INFO | epoch 5/10 step 26600/55030 lr 3.53e-04 loss 0.6240 grad_norm 0.249 tok/s 555,296
2026-10-01 15:44:11 | INFO | epoch 5/10 step 26700/55030 lr 3.51e-04 loss 0.6270 grad_norm 0.258 tok/s 563,335
2026-10-01 15:44:14 | INFO | epoch 5/10 step 26800/55030 lr 3.50e-04 loss 0.6463 grad_norm 0.252 tok/s 558,085
2026-10-01 15:44:17 | INFO | epoch 5/10 step 26900/55030 lr 3.48e-04 loss 0.6337 grad_norm 0.253 tok/s 558,066
2026-10-01 15:44:20 | INFO | epoch 5/10 step 27000/55030 lr 3.47e-04 loss 0.6474 grad_norm 0.248 tok/s 561,520
2026-10-01 15:44:23 | INFO | epoch 5/10 step 27100/55030 lr 3.45e-04 loss 0.6294 grad_norm 0.244 tok/s 556,238
2026-10-01 15:44:26 | INFO | epoch 5/10 step 27200/55030 lr 3.44e-04 loss 0.6444 grad_norm 0.253 tok/s 562,203
2026-10-01 15:44:29 | INFO | epoch 5/10 step 27300/55030 lr 3.42e-04 loss 0.6503 grad_norm 0.264 tok/s 560,520
2026-10-01 15:44:32 | INFO | epoch 5/10 step 27400/55030 lr 3.40e-04 loss 0.6388 grad_norm 0.247 tok/s 558,066
2026-10-01 15:44:35 | INFO | epoch 5/10 step 27500/55030 lr 3.39e-04 loss 0.6249 grad_norm 0.245 tok/s 557,933
2026-10-01 15:44:43 | INFO | EPOCH 5 | train_running 0.6456 | train_eval 0.6050 | val 0.6121 | val_ppl 1.844 | val_bpc 0.883 | val_acc 0.8048 | gap +0.0071 | time 171s
2026-10-01 15:44:44 | INFO | EPOCH 5 sample (greedy): 'Once upon a time, there was a little girl named Lily. She loved to play outside in the grass. One day, she saw a big tree with a shiny branch. She wanted to climb it, but it was too high for her.\n\nLily was sad becaus'
2026-10-01 15:44:44 | INFO | new best val_loss 0.6121 -> task1_llm/shibin_thomas/checkpoints/gpt_char_v1_20261001-153007/best_model.pt
2026-10-01 15:44:47 | INFO | epoch 6/10 step 27600/55030 lr 3.37e-04 loss 0.6289 grad_norm 0.246 tok/s 559,030
2026-10-01 15:44:50 | INFO | epoch 6/10 step 27700/55030 lr 3.36e-04 loss 0.6436 grad_norm 0.253 tok/s 559,443
2026-10-01 15:44:52 | INFO | epoch 6/10 step 27800/55030 lr 3.34e-04 loss 0.6533 grad_norm 0.256 tok/s 558,042
2026-10-01 15:44:55 | INFO | epoch 6/10 step 27900/55030 lr 3.33e-04 loss 0.6283 grad_norm 0.251 tok/s 562,052
2026-10-01 15:44:58 | INFO | epoch 6/10 step 28000/55030 lr 3.31e-04 loss 0.6418 grad_norm 0.252 tok/s 560,152
2026-10-01 15:45:01 | INFO | epoch 6/10 step 28100/55030 lr 3.29e-04 loss 0.6180 grad_norm 0.250 tok/s 558,508
2026-10-01 15:45:04 | INFO | epoch 6/10 step 28200/55030 lr 3.28e-04 loss 0.6440 grad_norm 0.260 tok/s 557,734
2026-10-01 15:45:07 | INFO | epoch 6/10 step 28300/55030 lr 3.26e-04 loss 0.6531 grad_norm 0.260 tok/s 557,506
2026-10-01 15:45:10 | INFO | epoch 6/10 step 28400/55030 lr 3.25e-04 loss 0.6149 grad_norm 0.254 tok/s 558,606
2026-10-01 15:45:13 | INFO | epoch 6/10 step 28500/55030 lr 3.23e-04 loss 0.6337 grad_norm 0.261 tok/s 562,348
2026-10-01 15:45:16 | INFO | epoch 6/10 step 28600/55030 lr 3.22e-04 loss 0.6194 grad_norm 0.244 tok/s 558,401
2026-10-01 15:45:19 | INFO | epoch 6/10 step 28700/55030 lr 3.20e-04 loss 0.6510 grad_norm 0.258 tok/s 560,277
2026-10-01 15:45:22 | INFO | epoch 6/10 step 28800/55030 lr 3.18e-04 loss 0.6185 grad_norm 0.247 tok/s 557,333
2026-10-01 15:45:25 | INFO | epoch 6/10 step 28900/55030 lr 3.17e-04 loss 0.6282 grad_norm 0.255 tok/s 556,014
2026-10-01 15:45:28 | INFO | epoch 6/10 step 29000/55030 lr 3.15e-04 loss 0.6255 grad_norm 0.252 tok/s 561,425
2026-10-01 15:45:31 | INFO | epoch 6/10 step 29100/55030 lr 3.14e-04 loss 0.6411 grad_norm 0.257 tok/s 559,480
2026-10-01 15:45:33 | INFO | epoch 6/10 step 29200/55030 lr 3.12e-04 loss 0.6406 grad_norm 0.258 tok/s 561,969
2026-10-01 15:45:36 | INFO | epoch 6/10 step 29300/55030 lr 3.11e-04 loss 0.6251 grad_norm 0.255 tok/s 559,395
2026-10-01 15:45:39 | INFO | epoch 6/10 step 29400/55030 lr 3.09e-04 loss 0.6124 grad_norm 0.249 tok/s 559,824
2026-10-01 15:45:42 | INFO | epoch 6/10 step 29500/55030 lr 3.07e-04 loss 0.6498 grad_norm 0.263 tok/s 559,001
2026-10-01 15:45:45 | INFO | epoch 6/10 step 29600/55030 lr 3.06e-04 loss 0.6302 grad_norm 0.258 tok/s 556,760
2026-10-01 15:45:48 | INFO | epoch 6/10 step 29700/55030 lr 3.04e-04 loss 0.6294 grad_norm 0.254 tok/s 553,831
2026-10-01 15:45:51 | INFO | epoch 6/10 step 29800/55030 lr 3.03e-04 loss 0.6233 grad_norm 0.257 tok/s 562,165
2026-10-01 15:45:54 | INFO | epoch 6/10 step 29900/55030 lr 3.01e-04 loss 0.6127 grad_norm 0.246 tok/s 562,222
2026-10-01 15:45:57 | INFO | epoch 6/10 step 30000/55030 lr 3.00e-04 loss 0.6218 grad_norm 0.258 tok/s 559,909
2026-10-01 15:46:00 | INFO | epoch 6/10 step 30100/55030 lr 2.98e-04 loss 0.6290 grad_norm 0.258 tok/s 559,776
2026-10-01 15:46:03 | INFO | epoch 6/10 step 30200/55030 lr 2.97e-04 loss 0.6673 grad_norm 0.269 tok/s 550,626
2026-10-01 15:46:06 | INFO | epoch 6/10 step 30300/55030 lr 2.95e-04 loss 0.6221 grad_norm 0.259 tok/s 553,367
2026-10-01 15:46:09 | INFO | epoch 6/10 step 30400/55030 lr 2.93e-04 loss 0.6378 grad_norm 0.269 tok/s 556,230
2026-10-01 15:46:12 | INFO | epoch 6/10 step 30500/55030 lr 2.92e-04 loss 0.6264 grad_norm 0.260 tok/s 558,031
2026-10-01 15:46:15 | INFO | epoch 6/10 step 30600/55030 lr 2.90e-04 loss 0.6029 grad_norm 0.270 tok/s 557,454
2026-10-01 15:46:18 | INFO | epoch 6/10 step 30700/55030 lr 2.89e-04 loss 0.6204 grad_norm 0.260 tok/s 557,415
2026-10-01 15:46:20 | INFO | epoch 6/10 step 30800/55030 lr 2.87e-04 loss 0.6451 grad_norm 0.257 tok/s 561,496
2026-10-01 15:46:23 | INFO | epoch 6/10 step 30900/55030 lr 2.86e-04 loss 0.6397 grad_norm 0.260 tok/s 562,814
2026-10-01 15:46:26 | INFO | epoch 6/10 step 31000/55030 lr 2.84e-04 loss 0.6469 grad_norm 0.256 tok/s 560,469
2026-10-01 15:46:29 | INFO | epoch 6/10 step 31100/55030 lr 2.83e-04 loss 0.6189 grad_norm 0.255 tok/s 559,218
2026-10-01 15:46:32 | INFO | epoch 6/10 step 31200/55030 lr 2.81e-04 loss 0.6441 grad_norm 0.264 tok/s 560,097
2026-10-01 15:46:35 | INFO | epoch 6/10 step 31300/55030 lr 2.79e-04 loss 0.6458 grad_norm 0.265 tok/s 557,255
2026-10-01 15:46:38 | INFO | epoch 6/10 step 31400/55030 lr 2.78e-04 loss 0.6085 grad_norm 0.258 tok/s 556,576
2026-10-01 15:46:41 | INFO | epoch 6/10 step 31500/55030 lr 2.76e-04 loss 0.6038 grad_norm 0.259 tok/s 556,661
2026-10-01 15:46:44 | INFO | epoch 6/10 step 31600/55030 lr 2.75e-04 loss 0.6292 grad_norm 0.260 tok/s 559,419
2026-10-01 15:46:47 | INFO | epoch 6/10 step 31700/55030 lr 2.73e-04 loss 0.6311 grad_norm 0.255 tok/s 552,778
2026-10-01 15:46:50 | INFO | epoch 6/10 step 31800/55030 lr 2.72e-04 loss 0.6327 grad_norm 0.260 tok/s 559,857
2026-10-01 15:46:53 | INFO | epoch 6/10 step 31900/55030 lr 2.70e-04 loss 0.6057 grad_norm 0.248 tok/s 560,741
2026-10-01 15:46:56 | INFO | epoch 6/10 step 32000/55030 lr 2.69e-04 loss 0.6298 grad_norm 0.261 tok/s 562,367
2026-10-01 15:46:59 | INFO | epoch 6/10 step 32100/55030 lr 2.67e-04 loss 0.6206 grad_norm 0.254 tok/s 559,684
2026-10-01 15:47:02 | INFO | epoch 6/10 step 32200/55030 lr 2.66e-04 loss 0.5840 grad_norm 0.252 tok/s 554,956
2026-10-01 15:47:04 | INFO | epoch 6/10 step 32300/55030 lr 2.64e-04 loss 0.6453 grad_norm 0.266 tok/s 559,064
2026-10-01 15:47:07 | INFO | epoch 6/10 step 32400/55030 lr 2.63e-04 loss 0.6157 grad_norm 0.257 tok/s 557,635
2026-10-01 15:47:10 | INFO | epoch 6/10 step 32500/55030 lr 2.61e-04 loss 0.6409 grad_norm 0.263 tok/s 558,645
2026-10-01 15:47:13 | INFO | epoch 6/10 step 32600/55030 lr 2.59e-04 loss 0.6409 grad_norm 0.273 tok/s 557,240
2026-10-01 15:47:16 | INFO | epoch 6/10 step 32700/55030 lr 2.58e-04 loss 0.6285 grad_norm 0.264 tok/s 547,248
2026-10-01 15:47:19 | INFO | epoch 6/10 step 32800/55030 lr 2.56e-04 loss 0.6072 grad_norm 0.255 tok/s 558,597
2026-10-01 15:47:22 | INFO | epoch 6/10 step 32900/55030 lr 2.55e-04 loss 0.6110 grad_norm 0.260 tok/s 554,457
2026-10-01 15:47:25 | INFO | epoch 6/10 step 33000/55030 lr 2.53e-04 loss 0.6277 grad_norm 0.264 tok/s 555,149
2026-10-01 15:47:34 | INFO | EPOCH 6 | train_running 0.6311 | train_eval 0.5916 | val 0.6000 | val_ppl 1.822 | val_bpc 0.866 | val_acc 0.8083 | gap +0.0084 | time 170s
2026-10-01 15:47:34 | INFO | EPOCH 6 sample (greedy): 'Once upon a time, there was a little girl named Lily. She loved to play outside in the sunshine. One day, she saw a big box in the grass. She wanted to open it and see what was inside.\n\nLily went to the box and opene'
2026-10-01 15:47:34 | INFO | new best val_loss 0.6000 -> task1_llm/shibin_thomas/checkpoints/gpt_char_v1_20261001-153007/best_model.pt
2026-10-01 15:47:37 | INFO | epoch 7/10 step 33100/55030 lr 2.52e-04 loss 0.6238 grad_norm 0.267 tok/s 555,605
2026-10-01 15:47:40 | INFO | epoch 7/10 step 33200/55030 lr 2.50e-04 loss 0.6126 grad_norm 0.258 tok/s 555,587
2026-10-01 15:47:43 | INFO | epoch 7/10 step 33300/55030 lr 2.49e-04 loss 0.6040 grad_norm 0.261 tok/s 560,696
2026-10-01 15:47:46 | INFO | epoch 7/10 step 33400/55030 lr 2.47e-04 loss 0.6153 grad_norm 0.268 tok/s 558,268
2026-10-01 15:47:49 | INFO | epoch 7/10 step 33500/55030 lr 2.46e-04 loss 0.6251 grad_norm 0.274 tok/s 556,680
2026-10-01 15:47:52 | INFO | epoch 7/10 step 33600/55030 lr 2.44e-04 loss 0.6396 grad_norm 0.268 tok/s 557,178
2026-10-01 15:47:55 | INFO | epoch 7/10 step 33700/55030 lr 2.43e-04 loss 0.6199 grad_norm 0.262 tok/s 559,473
2026-10-01 15:47:58 | INFO | epoch 7/10 step 33800/55030 lr 2.41e-04 loss 0.6249 grad_norm 0.265 tok/s 562,002
2026-10-01 15:48:00 | INFO | epoch 7/10 step 33900/55030 lr 2.40e-04 loss 0.6166 grad_norm 0.255 tok/s 558,338
2026-10-01 15:48:03 | INFO | epoch 7/10 step 34000/55030 lr 2.39e-04 loss 0.6181 grad_norm 0.266 tok/s 559,138
2026-10-01 15:48:06 | INFO | epoch 7/10 step 34100/55030 lr 2.37e-04 loss 0.6168 grad_norm 0.270 tok/s 559,542
2026-10-01 15:48:09 | INFO | epoch 7/10 step 34200/55030 lr 2.36e-04 loss 0.6345 grad_norm 0.275 tok/s 558,342
2026-10-01 15:48:12 | INFO | epoch 7/10 step 34300/55030 lr 2.34e-04 loss 0.6259 grad_norm 0.273 tok/s 560,185
2026-10-01 15:48:15 | INFO | epoch 7/10 step 34400/55030 lr 2.33e-04 loss 0.6106 grad_norm 0.269 tok/s 554,442
2026-10-01 15:48:18 | INFO | epoch 7/10 step 34500/55030 lr 2.31e-04 loss 0.6182 grad_norm 0.261 tok/s 557,494
2026-10-01 15:48:21 | INFO | epoch 7/10 step 34600/55030 lr 2.30e-04 loss 0.6141 grad_norm 0.268 tok/s 555,099
2026-10-01 15:48:24 | INFO | epoch 7/10 step 34700/55030 lr 2.28e-04 loss 0.6118 grad_norm 0.262 tok/s 558,478
2026-10-01 15:48:27 | INFO | epoch 7/10 step 34800/55030 lr 2.27e-04 loss 0.6192 grad_norm 0.270 tok/s 559,104
2026-10-01 15:48:30 | INFO | epoch 7/10 step 34900/55030 lr 2.25e-04 loss 0.5998 grad_norm 0.267 tok/s 560,905
2026-10-01 15:48:33 | INFO | epoch 7/10 step 35000/55030 lr 2.24e-04 loss 0.6193 grad_norm 0.264 tok/s 561,122
2026-10-01 15:48:36 | INFO | epoch 7/10 step 35100/55030 lr 2.22e-04 loss 0.6031 grad_norm 0.261 tok/s 558,456
2026-10-01 15:48:39 | INFO | epoch 7/10 step 35200/55030 lr 2.21e-04 loss 0.6365 grad_norm 0.284 tok/s 556,848
2026-10-01 15:48:42 | INFO | epoch 7/10 step 35300/55030 lr 2.20e-04 loss 0.6359 grad_norm 0.273 tok/s 562,154
2026-10-01 15:48:44 | INFO | epoch 7/10 step 35400/55030 lr 2.18e-04 loss 0.6401 grad_norm 0.282 tok/s 562,985
2026-10-01 15:48:47 | INFO | epoch 7/10 step 35500/55030 lr 2.17e-04 loss 0.6399 grad_norm 0.275 tok/s 556,049
2026-10-01 15:48:50 | INFO | epoch 7/10 step 35600/55030 lr 2.15e-04 loss 0.6127 grad_norm 0.268 tok/s 559,977
2026-10-01 15:48:53 | INFO | epoch 7/10 step 35700/55030 lr 2.14e-04 loss 0.6285 grad_norm 0.288 tok/s 556,059
2026-10-01 15:48:56 | INFO | epoch 7/10 step 35800/55030 lr 2.12e-04 loss 0.6172 grad_norm 0.266 tok/s 558,755
2026-10-01 15:48:59 | INFO | epoch 7/10 step 35900/55030 lr 2.11e-04 loss 0.6332 grad_norm 0.272 tok/s 559,168
2026-10-01 15:49:02 | INFO | epoch 7/10 step 36000/55030 lr 2.10e-04 loss 0.6226 grad_norm 0.272 tok/s 558,342
2026-10-01 15:49:05 | INFO | epoch 7/10 step 36100/55030 lr 2.08e-04 loss 0.6034 grad_norm 0.257 tok/s 560,241
2026-10-01 15:49:08 | INFO | epoch 7/10 step 36200/55030 lr 2.07e-04 loss 0.6372 grad_norm 0.276 tok/s 561,507
2026-10-01 15:49:11 | INFO | epoch 7/10 step 36300/55030 lr 2.05e-04 loss 0.6238 grad_norm 0.272 tok/s 561,383
2026-10-01 15:49:14 | INFO | epoch 7/10 step 36400/55030 lr 2.04e-04 loss 0.6302 grad_norm 0.280 tok/s 561,928
2026-10-01 15:49:17 | INFO | epoch 7/10 step 36500/55030 lr 2.03e-04 loss 0.6241 grad_norm 0.270 tok/s 561,171
2026-10-01 15:49:20 | INFO | epoch 7/10 step 36600/55030 lr 2.01e-04 loss 0.6407 grad_norm 0.273 tok/s 560,506
2026-10-01 15:49:23 | INFO | epoch 7/10 step 36700/55030 lr 2.00e-04 loss 0.6226 grad_norm 0.277 tok/s 554,305
2026-10-01 15:49:25 | INFO | epoch 7/10 step 36800/55030 lr 1.98e-04 loss 0.5920 grad_norm 0.261 tok/s 556,920
2026-10-01 15:49:28 | INFO | epoch 7/10 step 36900/55030 lr 1.97e-04 loss 0.6232 grad_norm 0.271 tok/s 562,988
2026-10-01 15:49:31 | INFO | epoch 7/10 step 37000/55030 lr 1.96e-04 loss 0.6290 grad_norm 0.278 tok/s 558,807
2026-10-01 15:49:34 | INFO | epoch 7/10 step 37100/55030 lr 1.94e-04 loss 0.6032 grad_norm 0.268 tok/s 561,008
2026-10-01 15:49:37 | INFO | epoch 7/10 step 37200/55030 lr 1.93e-04 loss 0.5998 grad_norm 0.273 tok/s 556,345
2026-10-01 15:49:40 | INFO | epoch 7/10 step 37300/55030 lr 1.92e-04 loss 0.6286 grad_norm 0.276 tok/s 558,688
2026-10-01 15:49:43 | INFO | epoch 7/10 step 37400/55030 lr 1.90e-04 loss 0.6211 grad_norm 0.273 tok/s 559,936
2026-10-01 15:49:46 | INFO | epoch 7/10 step 37500/55030 lr 1.89e-04 loss 0.6431 grad_norm 0.292 tok/s 554,103
2026-10-01 15:49:49 | INFO | epoch 7/10 step 37600/55030 lr 1.88e-04 loss 0.6231 grad_norm 0.286 tok/s 564,094
2026-10-01 15:49:52 | INFO | epoch 7/10 step 37700/55030 lr 1.86e-04 loss 0.6010 grad_norm 0.263 tok/s 560,308
2026-10-01 15:49:55 | INFO | epoch 7/10 step 37800/55030 lr 1.85e-04 loss 0.5841 grad_norm 0.260 tok/s 560,205
2026-10-01 15:49:58 | INFO | epoch 7/10 step 37900/55030 lr 1.84e-04 loss 0.6204 grad_norm 0.289 tok/s 562,326
2026-10-01 15:50:01 | INFO | epoch 7/10 step 38000/55030 lr 1.82e-04 loss 0.6233 grad_norm 0.266 tok/s 560,782
2026-10-01 15:50:03 | INFO | epoch 7/10 step 38100/55030 lr 1.81e-04 loss 0.6384 grad_norm 0.288 tok/s 559,111
2026-10-01 15:50:06 | INFO | epoch 7/10 step 38200/55030 lr 1.80e-04 loss 0.6022 grad_norm 0.274 tok/s 560,266
2026-10-01 15:50:09 | INFO | epoch 7/10 step 38300/55030 lr 1.78e-04 loss 0.6128 grad_norm 0.272 tok/s 559,812
2026-10-01 15:50:12 | INFO | epoch 7/10 step 38400/55030 lr 1.77e-04 loss 0.6339 grad_norm 0.276 tok/s 558,953
2026-10-01 15:50:15 | INFO | epoch 7/10 step 38500/55030 lr 1.76e-04 loss 0.6112 grad_norm 0.275 tok/s 562,111
2026-10-01 15:50:24 | INFO | EPOCH 7 | train_running 0.6189 | train_eval 0.5803 | val 0.5896 | val_ppl 1.803 | val_bpc 0.851 | val_acc 0.8116 | gap +0.0093 | time 169s
2026-10-01 15:50:24 | INFO | EPOCH 7 sample (greedy): 'Once upon a time, there was a little girl named Lily. She loved to play outside in the sunshine. One day, she saw a big box of cool things in the garden. She wanted to see what was inside, so she asked her mom if she'
2026-10-01 15:50:25 | INFO | new best val_loss 0.5896 -> task1_llm/shibin_thomas/checkpoints/gpt_char_v1_20261001-153007/best_model.pt
2026-10-01 15:50:27 | INFO | epoch 8/10 step 38600/55030 lr 1.75e-04 loss 0.6181 grad_norm 0.289 tok/s 559,992
2026-10-01 15:50:30 | INFO | epoch 8/10 step 38700/55030 lr 1.73e-04 loss 0.5905 grad_norm 0.270 tok/s 559,629
2026-10-01 15:50:33 | INFO | epoch 8/10 step 38800/55030 lr 1.72e-04 loss 0.6001 grad_norm 0.281 tok/s 559,946
2026-10-01 15:50:36 | INFO | epoch 8/10 step 38900/55030 lr 1.71e-04 loss 0.5825 grad_norm 0.276 tok/s 562,746
2026-10-01 15:50:39 | INFO | epoch 8/10 step 39000/55030 lr 1.69e-04 loss 0.6271 grad_norm 0.285 tok/s 561,519
2026-10-01 15:50:42 | INFO | epoch 8/10 step 39100/55030 lr 1.68e-04 loss 0.6079 grad_norm 0.277 tok/s 561,312
2026-10-01 15:50:44 | INFO | epoch 8/10 step 39200/55030 lr 1.67e-04 loss 0.6148 grad_norm 0.289 tok/s 557,433
2026-10-01 15:50:47 | INFO | epoch 8/10 step 39300/55030 lr 1.66e-04 loss 0.5952 grad_norm 0.282 tok/s 554,732
2026-10-01 15:50:50 | INFO | epoch 8/10 step 39400/55030 lr 1.64e-04 loss 0.6136 grad_norm 0.285 tok/s 561,054
2026-10-01 15:50:53 | INFO | epoch 8/10 step 39500/55030 lr 1.63e-04 loss 0.6048 grad_norm 0.281 tok/s 560,562
2026-10-01 15:50:56 | INFO | epoch 8/10 step 39600/55030 lr 1.62e-04 loss 0.6025 grad_norm 0.283 tok/s 559,506
2026-10-01 15:50:59 | INFO | epoch 8/10 step 39700/55030 lr 1.61e-04 loss 0.5904 grad_norm 0.278 tok/s 562,023
2026-10-01 15:51:02 | INFO | epoch 8/10 step 39800/55030 lr 1.59e-04 loss 0.6073 grad_norm 0.294 tok/s 559,038
2026-10-01 15:51:05 | INFO | epoch 8/10 step 39900/55030 lr 1.58e-04 loss 0.6128 grad_norm 0.281 tok/s 558,471
2026-10-01 15:51:08 | INFO | epoch 8/10 step 40000/55030 lr 1.57e-04 loss 0.6225 grad_norm 0.289 tok/s 557,397
2026-10-01 15:51:11 | INFO | epoch 8/10 step 40100/55030 lr 1.56e-04 loss 0.6219 grad_norm 0.281 tok/s 561,612
2026-10-01 15:51:14 | INFO | epoch 8/10 step 40200/55030 lr 1.55e-04 loss 0.6066 grad_norm 0.280 tok/s 559,543
2026-10-01 15:51:17 | INFO | epoch 8/10 step 40300/55030 lr 1.53e-04 loss 0.5760 grad_norm 0.279 tok/s 560,667
2026-10-01 15:51:20 | INFO | epoch 8/10 step 40400/55030 lr 1.52e-04 loss 0.5918 grad_norm 0.284 tok/s 546,918
2026-10-01 15:51:23 | INFO | epoch 8/10 step 40500/55030 lr 1.51e-04 loss 0.6095 grad_norm 0.282 tok/s 547,466
2026-10-01 15:51:26 | INFO | epoch 8/10 step 40600/55030 lr 1.50e-04 loss 0.6187 grad_norm 0.293 tok/s 539,826
2026-10-01 15:51:29 | INFO | epoch 8/10 step 40700/55030 lr 1.49e-04 loss 0.6260 grad_norm 0.288 tok/s 553,328
2026-10-01 15:51:32 | INFO | epoch 8/10 step 40800/55030 lr 1.48e-04 loss 0.6150 grad_norm 0.285 tok/s 556,831
2026-10-01 15:51:35 | INFO | epoch 8/10 step 40900/55030 lr 1.46e-04 loss 0.5871 grad_norm 0.276 tok/s 561,192
2026-10-01 15:51:37 | INFO | epoch 8/10 step 41000/55030 lr 1.45e-04 loss 0.5921 grad_norm 0.274 tok/s 559,113
2026-10-01 15:51:40 | INFO | epoch 8/10 step 41100/55030 lr 1.44e-04 loss 0.6073 grad_norm 0.282 tok/s 558,085
2026-10-01 15:51:43 | INFO | epoch 8/10 step 41200/55030 lr 1.43e-04 loss 0.5980 grad_norm 0.283 tok/s 558,254
2026-10-01 15:51:46 | INFO | epoch 8/10 step 41300/55030 lr 1.42e-04 loss 0.6207 grad_norm 0.292 tok/s 553,279
2026-10-01 15:51:49 | INFO | epoch 8/10 step 41400/55030 lr 1.41e-04 loss 0.5942 grad_norm 0.288 tok/s 553,266
2026-10-01 15:51:52 | INFO | epoch 8/10 step 41500/55030 lr 1.40e-04 loss 0.6249 grad_norm 0.299 tok/s 555,079
2026-10-01 15:51:55 | INFO | epoch 8/10 step 41600/55030 lr 1.38e-04 loss 0.6203 grad_norm 0.294 tok/s 556,911
2026-10-01 15:51:58 | INFO | epoch 8/10 step 41700/55030 lr 1.37e-04 loss 0.5856 grad_norm 0.277 tok/s 558,251
2026-10-01 15:52:01 | INFO | epoch 8/10 step 41800/55030 lr 1.36e-04 loss 0.6093 grad_norm 0.281 tok/s 557,957
2026-10-01 15:52:04 | INFO | epoch 8/10 step 41900/55030 lr 1.35e-04 loss 0.6180 grad_norm 0.292 tok/s 562,456
2026-10-01 15:52:07 | INFO | epoch 8/10 step 42000/55030 lr 1.34e-04 loss 0.5974 grad_norm 0.298 tok/s 557,191
2026-10-01 15:52:10 | INFO | epoch 8/10 step 42100/55030 lr 1.33e-04 loss 0.6088 grad_norm 0.281 tok/s 558,268
2026-10-01 15:52:13 | INFO | epoch 8/10 step 42200/55030 lr 1.32e-04 loss 0.6126 grad_norm 0.288 tok/s 564,838
2026-10-01 15:52:16 | INFO | epoch 8/10 step 42300/55030 lr 1.31e-04 loss 0.6322 grad_norm 0.297 tok/s 563,662
2026-10-01 15:52:19 | INFO | epoch 8/10 step 42400/55030 lr 1.30e-04 loss 0.6270 grad_norm 0.309 tok/s 561,456
2026-10-01 15:52:21 | INFO | epoch 8/10 step 42500/55030 lr 1.29e-04 loss 0.6276 grad_norm 0.294 tok/s 559,542
2026-10-01 15:52:24 | INFO | epoch 8/10 step 42600/55030 lr 1.28e-04 loss 0.6073 grad_norm 0.288 tok/s 553,930
2026-10-01 15:52:27 | INFO | epoch 8/10 step 42700/55030 lr 1.27e-04 loss 0.6072 grad_norm 0.294 tok/s 552,223
2026-10-01 15:52:30 | INFO | epoch 8/10 step 42800/55030 lr 1.26e-04 loss 0.6019 grad_norm 0.279 tok/s 553,975
2026-10-01 15:52:33 | INFO | epoch 8/10 step 42900/55030 lr 1.25e-04 loss 0.6077 grad_norm 0.294 tok/s 559,248
2026-10-01 15:52:36 | INFO | epoch 8/10 step 43000/55030 lr 1.24e-04 loss 0.6076 grad_norm 0.289 tok/s 557,562
2026-10-01 15:52:39 | INFO | epoch 8/10 step 43100/55030 lr 1.23e-04 loss 0.6088 grad_norm 0.291 tok/s 559,279
2026-10-01 15:52:42 | INFO | epoch 8/10 step 43200/55030 lr 1.22e-04 loss 0.5780 grad_norm 0.291 tok/s 554,289
2026-10-01 15:52:45 | INFO | epoch 8/10 step 43300/55030 lr 1.21e-04 loss 0.6278 grad_norm 0.301 tok/s 554,733
2026-10-01 15:52:48 | INFO | epoch 8/10 step 43400/55030 lr 1.20e-04 loss 0.6109 grad_norm 0.290 tok/s 560,584
2026-10-01 15:52:51 | INFO | epoch 8/10 step 43500/55030 lr 1.19e-04 loss 0.5939 grad_norm 0.292 tok/s 559,027
2026-10-01 15:52:54 | INFO | epoch 8/10 step 43600/55030 lr 1.18e-04 loss 0.5961 grad_norm 0.288 tok/s 559,188
2026-10-01 15:52:57 | INFO | epoch 8/10 step 43700/55030 lr 1.17e-04 loss 0.6137 grad_norm 0.297 tok/s 557,528
2026-10-01 15:53:00 | INFO | epoch 8/10 step 43800/55030 lr 1.16e-04 loss 0.6234 grad_norm 0.303 tok/s 550,668
2026-10-01 15:53:03 | INFO | epoch 8/10 step 43900/55030 lr 1.15e-04 loss 0.6019 grad_norm 0.290 tok/s 554,243
2026-10-01 15:53:06 | INFO | epoch 8/10 step 44000/55030 lr 1.14e-04 loss 0.6037 grad_norm 0.294 tok/s 562,042
2026-10-01 15:53:14 | INFO | EPOCH 8 | train_running 0.6071 | train_eval 0.5707 | val 0.5809 | val_ppl 1.788 | val_bpc 0.838 | val_acc 0.8144 | gap +0.0101 | time 170s
2026-10-01 15:53:15 | INFO | EPOCH 8 sample (greedy): 'Once upon a time, there was a little girl named Lily. She loved to play outside in the sunshine. One day, she saw a big box of colors on the side of the room. She wanted to see what was inside, so she asked her mommy'
2026-10-01 15:53:15 | INFO | new best val_loss 0.5809 -> task1_llm/shibin_thomas/checkpoints/gpt_char_v1_20261001-153007/best_model.pt
2026-10-01 15:53:18 | INFO | epoch 9/10 step 44100/55030 lr 1.13e-04 loss 0.6097 grad_norm 0.298 tok/s 550,219
2026-10-01 15:53:21 | INFO | epoch 9/10 step 44200/55030 lr 1.12e-04 loss 0.6019 grad_norm 0.296 tok/s 546,848
2026-10-01 15:53:24 | INFO | epoch 9/10 step 44300/55030 lr 1.11e-04 loss 0.6004 grad_norm 0.293 tok/s 557,412
2026-10-01 15:53:27 | INFO | epoch 9/10 step 44400/55030 lr 1.10e-04 loss 0.5981 grad_norm 0.303 tok/s 558,213
2026-10-01 15:53:29 | INFO | epoch 9/10 step 44500/55030 lr 1.09e-04 loss 0.5857 grad_norm 0.292 tok/s 561,079
2026-10-01 15:53:32 | INFO | epoch 9/10 step 44600/55030 lr 1.08e-04 loss 0.6079 grad_norm 0.302 tok/s 562,581
2026-10-01 15:53:35 | INFO | epoch 9/10 step 44700/55030 lr 1.07e-04 loss 0.5829 grad_norm 0.299 tok/s 558,279
2026-10-01 15:53:38 | INFO | epoch 9/10 step 44800/55030 lr 1.07e-04 loss 0.5926 grad_norm 0.295 tok/s 557,881
2026-10-01 15:53:41 | INFO | epoch 9/10 step 44900/55030 lr 1.06e-04 loss 0.5867 grad_norm 0.289 tok/s 566,222
2026-10-01 15:53:44 | INFO | epoch 9/10 step 45000/55030 lr 1.05e-04 loss 0.5889 grad_norm 0.299 tok/s 564,750
2026-10-01 15:53:47 | INFO | epoch 9/10 step 45100/55030 lr 1.04e-04 loss 0.6226 grad_norm 0.304 tok/s 566,284
2026-10-01 15:53:50 | INFO | epoch 9/10 step 45200/55030 lr 1.03e-04 loss 0.5929 grad_norm 0.293 tok/s 565,496
2026-10-01 15:53:53 | INFO | epoch 9/10 step 45300/55030 lr 1.02e-04 loss 0.6124 grad_norm 0.307 tok/s 557,342
2026-10-01 15:53:56 | INFO | epoch 9/10 step 45400/55030 lr 1.01e-04 loss 0.6038 grad_norm 0.301 tok/s 549,531
2026-10-01 15:53:59 | INFO | epoch 9/10 step 45500/55030 lr 1.01e-04 loss 0.5956 grad_norm 0.314 tok/s 559,996
2026-10-01 15:54:02 | INFO | epoch 9/10 step 45600/55030 lr 9.97e-05 loss 0.6152 grad_norm 0.298 tok/s 562,320
2026-10-01 15:54:04 | INFO | epoch 9/10 step 45700/55030 lr 9.89e-05 loss 0.5998 grad_norm 0.297 tok/s 564,153
2026-10-01 15:54:07 | INFO | epoch 9/10 step 45800/55030 lr 9.81e-05 loss 0.5697 grad_norm 0.298 tok/s 565,183
2026-10-01 15:54:10 | INFO | epoch 9/10 step 45900/55030 lr 9.73e-05 loss 0.5726 grad_norm 0.285 tok/s 559,299
2026-10-01 15:54:13 | INFO | epoch 9/10 step 46000/55030 lr 9.65e-05 loss 0.6028 grad_norm 0.309 tok/s 556,837
2026-10-01 15:54:16 | INFO | epoch 9/10 step 46100/55030 lr 9.57e-05 loss 0.5660 grad_norm 0.290 tok/s 567,297
2026-10-01 15:54:19 | INFO | epoch 9/10 step 46200/55030 lr 9.49e-05 loss 0.5971 grad_norm 0.299 tok/s 565,733
2026-10-01 15:54:22 | INFO | epoch 9/10 step 46300/55030 lr 9.42e-05 loss 0.5991 grad_norm 0.304 tok/s 566,921
2026-10-01 15:54:25 | INFO | epoch 9/10 step 46400/55030 lr 9.34e-05 loss 0.6088 grad_norm 0.308 tok/s 559,511
2026-10-01 15:54:28 | INFO | epoch 9/10 step 46500/55030 lr 9.27e-05 loss 0.5932 grad_norm 0.295 tok/s 555,553
2026-10-01 15:54:31 | INFO | epoch 9/10 step 46600/55030 lr 9.19e-05 loss 0.6084 grad_norm 0.308 tok/s 557,575
2026-10-01 15:54:34 | INFO | epoch 9/10 step 46700/55030 lr 9.12e-05 loss 0.5891 grad_norm 0.301 tok/s 562,408
2026-10-01 15:54:37 | INFO | epoch 9/10 step 46800/55030 lr 9.04e-05 loss 0.5904 grad_norm 0.303 tok/s 562,866
2026-10-01 15:54:39 | INFO | epoch 9/10 step 46900/55030 lr 8.97e-05 loss 0.6236 grad_norm 0.304 tok/s 567,876
2026-10-01 15:54:42 | INFO | epoch 9/10 step 47000/55030 lr 8.90e-05 loss 0.5766 grad_norm 0.295 tok/s 562,190
2026-10-01 15:54:45 | INFO | epoch 9/10 step 47100/55030 lr 8.83e-05 loss 0.5897 grad_norm 0.306 tok/s 554,449
2026-10-01 15:54:48 | INFO | epoch 9/10 step 47200/55030 lr 8.76e-05 loss 0.5901 grad_norm 0.304 tok/s 552,614
2026-10-01 15:54:51 | INFO | epoch 9/10 step 47300/55030 lr 8.69e-05 loss 0.5948 grad_norm 0.294 tok/s 563,587
2026-10-01 15:54:54 | INFO | epoch 9/10 step 47400/55030 lr 8.62e-05 loss 0.5959 grad_norm 0.307 tok/s 565,529
2026-10-01 15:54:57 | INFO | epoch 9/10 step 47500/55030 lr 8.56e-05 loss 0.5919 grad_norm 0.303 tok/s 563,107
2026-10-01 15:55:00 | INFO | epoch 9/10 step 47600/55030 lr 8.49e-05 loss 0.6051 grad_norm 0.315 tok/s 562,298
2026-10-01 15:55:03 | INFO | epoch 9/10 step 47700/55030 lr 8.42e-05 loss 0.5751 grad_norm 0.307 tok/s 554,309
2026-10-01 15:55:06 | INFO | epoch 9/10 step 47800/55030 lr 8.36e-05 loss 0.5874 grad_norm 0.298 tok/s 556,753
2026-10-01 15:55:09 | INFO | epoch 9/10 step 47900/55030 lr 8.30e-05 loss 0.5949 grad_norm 0.297 tok/s 565,703
2026-10-01 15:55:12 | INFO | epoch 9/10 step 48000/55030 lr 8.23e-05 loss 0.5949 grad_norm 0.312 tok/s 561,901
2026-10-01 15:55:15 | INFO | epoch 9/10 step 48100/55030 lr 8.17e-05 loss 0.5909 grad_norm 0.295 tok/s 561,294
2026-10-01 15:55:17 | INFO | epoch 9/10 step 48200/55030 lr 8.11e-05 loss 0.5650 grad_norm 0.292 tok/s 560,162
2026-10-01 15:55:20 | INFO | epoch 9/10 step 48300/55030 lr 8.05e-05 loss 0.5782 grad_norm 0.298 tok/s 551,687
2026-10-01 15:55:23 | INFO | epoch 9/10 step 48400/55030 lr 7.99e-05 loss 0.6181 grad_norm 0.318 tok/s 555,222
2026-10-01 15:55:26 | INFO | epoch 9/10 step 48500/55030 lr 7.93e-05 loss 0.5812 grad_norm 0.297 tok/s 557,550
2026-10-01 15:55:29 | INFO | epoch 9/10 step 48600/55030 lr 7.87e-05 loss 0.6096 grad_norm 0.304 tok/s 562,245
2026-10-01 15:55:32 | INFO | epoch 9/10 step 48700/55030 lr 7.81e-05 loss 0.5963 grad_norm 0.303 tok/s 564,514
2026-10-01 15:55:35 | INFO | epoch 9/10 step 48800/55030 lr 7.76e-05 loss 0.5961 grad_norm 0.303 tok/s 561,439
2026-10-01 15:55:38 | INFO | epoch 9/10 step 48900/55030 lr 7.70e-05 loss 0.5933 grad_norm 0.309 tok/s 556,828
2026-10-01 15:55:41 | INFO | epoch 9/10 step 49000/55030 lr 7.65e-05 loss 0.5814 grad_norm 0.308 tok/s 554,998
2026-10-01 15:55:44 | INFO | epoch 9/10 step 49100/55030 lr 7.59e-05 loss 0.5972 grad_norm 0.302 tok/s 563,549
2026-10-01 15:55:47 | INFO | epoch 9/10 step 49200/55030 lr 7.54e-05 loss 0.6068 grad_norm 0.315 tok/s 559,833
2026-10-01 15:55:50 | INFO | epoch 9/10 step 49300/55030 lr 7.49e-05 loss 0.5950 grad_norm 0.309 tok/s 558,614
2026-10-01 15:55:53 | INFO | epoch 9/10 step 49400/55030 lr 7.44e-05 loss 0.6118 grad_norm 0.314 tok/s 555,066
2026-10-01 15:55:56 | INFO | epoch 9/10 step 49500/55030 lr 7.39e-05 loss 0.6087 grad_norm 0.314 tok/s 545,827
2026-10-01 15:56:05 | INFO | EPOCH 9 | train_running 0.5982 | train_eval 0.5632 | val 0.5739 | val_ppl 1.775 | val_bpc 0.828 | val_acc 0.8163 | gap +0.0107 | time 169s
2026-10-01 15:56:06 | INFO | EPOCH 9 sample (greedy): 'Once upon a time, there was a little girl named Lily. She loved to play outside in the sunshine. One day, she saw a big butterfly flying around her neck. She wanted to catch it, but it was too fast.\n\nLily saw a big b'
2026-10-01 15:56:06 | INFO | new best val_loss 0.5739 -> task1_llm/shibin_thomas/checkpoints/gpt_char_v1_20261001-153007/best_model.pt
2026-10-01 15:56:08 | INFO | epoch 10/10 step 49600/55030 lr 7.34e-05 loss 0.5712 grad_norm 0.308 tok/s 562,081
2026-10-01 15:56:11 | INFO | epoch 10/10 step 49700/55030 lr 7.29e-05 loss 0.5967 grad_norm 0.326 tok/s 554,966
2026-10-01 15:56:14 | INFO | epoch 10/10 step 49800/55030 lr 7.24e-05 loss 0.5867 grad_norm 0.309 tok/s 546,223
2026-10-01 15:56:17 | INFO | epoch 10/10 step 49900/55030 lr 7.20e-05 loss 0.5991 grad_norm 0.319 tok/s 550,820
2026-10-01 15:56:20 | INFO | epoch 10/10 step 50000/55030 lr 7.15e-05 loss 0.5857 grad_norm 0.322 tok/s 557,333
2026-10-01 15:56:23 | INFO | epoch 10/10 step 50100/55030 lr 7.11e-05 loss 0.5921 grad_norm 0.317 tok/s 550,319
2026-10-01 15:56:26 | INFO | epoch 10/10 step 50200/55030 lr 7.06e-05 loss 0.5664 grad_norm 0.312 tok/s 555,672
2026-10-01 15:56:29 | INFO | epoch 10/10 step 50300/55030 lr 7.02e-05 loss 0.5791 grad_norm 0.296 tok/s 554,962
2026-10-01 15:56:32 | INFO | epoch 10/10 step 50400/55030 lr 6.98e-05 loss 0.6131 grad_norm 0.315 tok/s 553,014
2026-10-01 15:56:35 | INFO | epoch 10/10 step 50500/55030 lr 6.93e-05 loss 0.6064 grad_norm 0.315 tok/s 556,534
2026-10-01 15:56:38 | INFO | epoch 10/10 step 50600/55030 lr 6.89e-05 loss 0.5846 grad_norm 0.301 tok/s 546,166
2026-10-01 15:56:41 | INFO | epoch 10/10 step 50700/55030 lr 6.85e-05 loss 0.5790 grad_norm 0.310 tok/s 542,272
2026-10-01 15:56:44 | INFO | epoch 10/10 step 50800/55030 lr 6.82e-05 loss 0.5735 grad_norm 0.312 tok/s 545,606
2026-10-01 15:56:47 | INFO | epoch 10/10 step 50900/55030 lr 6.78e-05 loss 0.5789 grad_norm 0.313 tok/s 540,221
2026-10-01 15:56:50 | INFO | epoch 10/10 step 51000/55030 lr 6.74e-05 loss 0.5990 grad_norm 0.326 tok/s 547,818
2026-10-01 15:56:53 | INFO | epoch 10/10 step 51100/55030 lr 6.70e-05 loss 0.6114 grad_norm 0.320 tok/s 554,529
2026-10-01 15:56:56 | INFO | epoch 10/10 step 51200/55030 lr 6.67e-05 loss 0.5950 grad_norm 0.318 tok/s 550,164
2026-10-01 15:56:59 | INFO | epoch 10/10 step 51300/55030 lr 6.63e-05 loss 0.5890 grad_norm 0.322 tok/s 550,353
2026-10-01 15:57:02 | INFO | epoch 10/10 step 51400/55030 lr 6.60e-05 loss 0.5909 grad_norm 0.309 tok/s 547,726
2026-10-01 15:57:05 | INFO | epoch 10/10 step 51500/55030 lr 6.57e-05 loss 0.6058 grad_norm 0.321 tok/s 548,212
2026-10-01 15:57:08 | INFO | epoch 10/10 step 51600/55030 lr 6.54e-05 loss 0.5959 grad_norm 0.314 tok/s 531,758
2026-10-01 15:57:11 | INFO | epoch 10/10 step 51700/55030 lr 6.51e-05 loss 0.5985 grad_norm 0.322 tok/s 556,126
2026-10-01 15:57:13 | INFO | epoch 10/10 step 51800/55030 lr 6.48e-05 loss 0.5564 grad_norm 0.297 tok/s 559,584
2026-10-01 15:57:16 | INFO | epoch 10/10 step 51900/55030 lr 6.45e-05 loss 0.5999 grad_norm 0.325 tok/s 560,903
2026-10-01 15:57:19 | INFO | epoch 10/10 step 52000/55030 lr 6.42e-05 loss 0.5868 grad_norm 0.322 tok/s 559,225
2026-10-01 15:57:22 | INFO | epoch 10/10 step 52100/55030 lr 6.39e-05 loss 0.5774 grad_norm 0.325 tok/s 541,751
2026-10-01 15:57:25 | INFO | epoch 10/10 step 52200/55030 lr 6.37e-05 loss 0.5924 grad_norm 0.317 tok/s 556,619
2026-10-01 15:57:28 | INFO | epoch 10/10 step 52300/55030 lr 6.34e-05 loss 0.5708 grad_norm 0.309 tok/s 550,986
2026-10-01 15:57:31 | INFO | epoch 10/10 step 52400/55030 lr 6.32e-05 loss 0.5726 grad_norm 0.303 tok/s 537,418
2026-10-01 15:57:34 | INFO | epoch 10/10 step 52500/55030 lr 6.29e-05 loss 0.5993 grad_norm 0.313 tok/s 533,057
2026-10-01 15:57:38 | INFO | epoch 10/10 step 52600/55030 lr 6.27e-05 loss 0.5717 grad_norm 0.312 tok/s 516,582
2026-10-01 15:57:41 | INFO | epoch 10/10 step 52700/55030 lr 6.25e-05 loss 0.5982 grad_norm 0.322 tok/s 514,907
2026-10-01 15:57:44 | INFO | epoch 10/10 step 52800/55030 lr 6.23e-05 loss 0.5895 grad_norm 0.310 tok/s 538,933
2026-10-01 15:57:47 | INFO | epoch 10/10 step 52900/55030 lr 6.21e-05 loss 0.5991 grad_norm 0.323 tok/s 543,909
2026-10-01 15:57:50 | INFO | epoch 10/10 step 53000/55030 lr 6.19e-05 loss 0.5995 grad_norm 0.324 tok/s 520,775
2026-10-01 15:57:53 | INFO | epoch 10/10 step 53100/55030 lr 6.17e-05 loss 0.5789 grad_norm 0.320 tok/s 525,623
2026-10-01 15:57:56 | INFO | epoch 10/10 step 53200/55030 lr 6.15e-05 loss 0.5918 grad_norm 0.316 tok/s 512,066
2026-10-01 15:57:59 | INFO | epoch 10/10 step 53300/55030 lr 6.14e-05 loss 0.5772 grad_norm 0.306 tok/s 507,238
2026-10-01 15:58:03 | INFO | epoch 10/10 step 53400/55030 lr 6.12e-05 loss 0.5650 grad_norm 0.305 tok/s 491,251
2026-10-01 15:58:06 | INFO | epoch 10/10 step 53500/55030 lr 6.11e-05 loss 0.5852 grad_norm 0.310 tok/s 497,688
2026-10-01 15:58:09 | INFO | epoch 10/10 step 53600/55030 lr 6.09e-05 loss 0.5895 grad_norm 0.316 tok/s 518,298
2026-10-01 15:58:12 | INFO | epoch 10/10 step 53700/55030 lr 6.08e-05 loss 0.6047 grad_norm 0.325 tok/s 545,183
2026-10-01 15:58:15 | INFO | epoch 10/10 step 53800/55030 lr 6.07e-05 loss 0.5793 grad_norm 0.318 tok/s 519,949
2026-10-01 15:58:18 | INFO | epoch 10/10 step 53900/55030 lr 6.06e-05 loss 0.6072 grad_norm 0.340 tok/s 541,451
2026-10-01 15:58:22 | INFO | epoch 10/10 step 54000/55030 lr 6.05e-05 loss 0.5838 grad_norm 0.329 tok/s 497,565
2026-10-01 15:58:25 | INFO | epoch 10/10 step 54100/55030 lr 6.04e-05 loss 0.5697 grad_norm 0.313 tok/s 502,141
2026-10-01 15:58:28 | INFO | epoch 10/10 step 54200/55030 lr 6.03e-05 loss 0.5757 grad_norm 0.315 tok/s 486,025
2026-10-01 15:58:32 | INFO | epoch 10/10 step 54300/55030 lr 6.02e-05 loss 0.5686 grad_norm 0.317 tok/s 516,967
2026-10-01 15:58:35 | INFO | epoch 10/10 step 54400/55030 lr 6.02e-05 loss 0.5961 grad_norm 0.337 tok/s 519,276
2026-10-01 15:58:38 | INFO | epoch 10/10 step 54500/55030 lr 6.01e-05 loss 0.5790 grad_norm 0.326 tok/s 537,993
2026-10-01 15:58:41 | INFO | epoch 10/10 step 54600/55030 lr 6.01e-05 loss 0.5966 grad_norm 0.327 tok/s 535,154
2026-10-01 15:58:44 | INFO | epoch 10/10 step 54700/55030 lr 6.00e-05 loss 0.5834 grad_norm 0.313 tok/s 513,686
2026-10-01 15:58:47 | INFO | epoch 10/10 step 54800/55030 lr 6.00e-05 loss 0.5924 grad_norm 0.319 tok/s 488,565
2026-10-01 15:58:51 | INFO | epoch 10/10 step 54900/55030 lr 6.00e-05 loss 0.5835 grad_norm 0.312 tok/s 476,089
2026-10-01 15:58:54 | INFO | epoch 10/10 step 55000/55030 lr 6.00e-05 loss 0.5877 grad_norm 0.328 tok/s 463,311
2026-10-01 15:59:03 | INFO | EPOCH 10 | train_running 0.5918 | train_eval 0.5597 | val 0.5711 | val_ppl 1.770 | val_bpc 0.824 | val_acc 0.8173 | gap +0.0114 | time 178s
2026-10-01 15:59:04 | INFO | EPOCH 10 sample (greedy): 'Once upon a time, there was a little girl named Lily. She loved to play outside in the sunshine. One day, she saw a big butterfly flying around her garden. She wanted to catch it, but it flew away.\n\nLily was sad beca'
2026-10-01 15:59:04 | INFO | new best val_loss 0.5711 -> task1_llm/shibin_thomas/checkpoints/gpt_char_v1_20261001-153007/best_model.pt
2026-10-01 15:59:05 | INFO | DONE run gpt_char_v1_20261001-153007 | best val 0.5711 @ epoch 10 | wall 28.9 min | train tok/s 569,917 | peak mem {'peak_cpu_rss_mb': 2366.6171875, 'peak_gpu_allocated_mb': 3346.54248046875, 'peak_gpu_reserved_mb': 4166.0}
