2026-10-01 18:30:13 | INFO | START model exp2_bigru_attn run yelp3_20261001-182849 config=task2_sentiment/shibin_thomas/configs/exp2_bigru_attn.yaml overrides=[]
2026-10-01 18:30:13 | INFO | model={'type': 'bigru_attn', 'embed_dim': 128, 'hidden_dim': 128, 'num_layers': 2, 'attn_dim': 128, 'dropout': 0.3} params=4,367,873 vocab=30,000
2026-10-01 18:30:13 | INFO | training={'epochs': 5, 'batch_size': 256, 'lr': 0.001, 'min_lr_ratio': 0.05, 'warmup_frac': 0.03, 'weight_decay': 0.0001, 'grad_clip': 1.0, 'patience': 2, 'eval_batch_size': 1024, 'log_interval': 200}
2026-10-01 18:30:13 | INFO | device=cuda hardware={'device': 'cuda', 'cpu_model': 'Intel64 Family 6 Model 198 Stepping 2, GenuineIntel', 'cpu_count': 24, 'os': 'Windows 11', 'gpu_name': 'NVIDIA GeForce RTX 5090', 'gpu_count': 1, 'gpu_total_memory_gb': 31.84, 'cuda_version': '12.8', 'cudnn_version': 91900}
2026-10-01 18:30:13 | INFO | train=509,883 val=50,000 batch=256 steps/epoch=1,992 max_steps=9,960 warmup=298
2026-10-01 18:30:13 | INFO | epoch 1 step 0/9960 lr 3.36e-06 loss 0.6910 grad_norm 0.191
2026-10-01 18:30:38 | INFO | epoch 1 step 200/9960 lr 6.74e-04 loss 0.3539 grad_norm 1.163
2026-10-01 18:30:57 | INFO | epoch 1 step 400/9960 lr 1.00e-03 loss 0.2174 grad_norm 0.933
2026-10-01 18:31:15 | INFO | epoch 1 step 600/9960 lr 9.98e-04 loss 0.1917 grad_norm 0.433
2026-10-01 18:31:39 | INFO | epoch 1 step 800/9960 lr 9.94e-04 loss 0.2042 grad_norm 0.388
2026-10-01 18:32:03 | INFO | epoch 1 step 1000/9960 lr 9.88e-04 loss 0.1556 grad_norm 0.288
2026-10-01 18:32:28 | INFO | epoch 1 step 1200/9960 lr 9.80e-04 loss 0.1549 grad_norm 0.316
2026-10-01 18:32:51 | INFO | epoch 1 step 1400/9960 lr 9.70e-04 loss 0.1748 grad_norm 0.338
2026-10-01 18:33:14 | INFO | epoch 1 step 1600/9960 lr 9.58e-04 loss 0.1739 grad_norm 0.325
2026-10-01 18:33:37 | INFO | epoch 1 step 1800/9960 lr 9.44e-04 loss 0.1451 grad_norm 0.329
2026-10-01 18:34:01 | INFO | EPOCH 1 | train_loss 0.2341 | val_loss 0.1491 | val_acc 0.9408 | val_f1_macro 0.9408 | val_auc 0.9866 | 228s
2026-10-01 18:34:01 | INFO | new best val macro-F1 0.9408 -> task2_sentiment/shibin_thomas/checkpoints/yelp3_20261001-182849/exp2_bigru_attn/best_model.pt
2026-10-01 18:34:02 | INFO | epoch 2 step 2000/9960 lr 9.29e-04 loss 0.1407 grad_norm 0.324
2026-10-01 18:34:25 | INFO | epoch 2 step 2200/9960 lr 9.12e-04 loss 0.1592 grad_norm 0.350
2026-10-01 18:34:49 | INFO | epoch 2 step 2400/9960 lr 8.93e-04 loss 0.1973 grad_norm 0.324
2026-10-01 18:35:13 | INFO | epoch 2 step 2600/9960 lr 8.73e-04 loss 0.1355 grad_norm 0.240
2026-10-01 18:35:37 | INFO | epoch 2 step 2800/9960 lr 8.51e-04 loss 0.1066 grad_norm 0.258
2026-10-01 18:36:02 | INFO | epoch 2 step 3000/9960 lr 8.28e-04 loss 0.1296 grad_norm 0.326
2026-10-01 18:36:26 | INFO | epoch 2 step 3200/9960 lr 8.04e-04 loss 0.1436 grad_norm 0.305
2026-10-01 18:36:48 | INFO | epoch 2 step 3400/9960 lr 7.78e-04 loss 0.1569 grad_norm 0.273
2026-10-01 18:37:13 | INFO | epoch 2 step 3600/9960 lr 7.52e-04 loss 0.1510 grad_norm 0.318
2026-10-01 18:37:37 | INFO | epoch 2 step 3800/9960 lr 7.24e-04 loss 0.1319 grad_norm 0.262
2026-10-01 18:38:01 | INFO | EPOCH 2 | train_loss 0.1486 | val_loss 0.1346 | val_acc 0.9488 | val_f1_macro 0.9488 | val_auc 0.9891 | 240s
2026-10-01 18:38:01 | INFO | new best val macro-F1 0.9488 -> task2_sentiment/shibin_thomas/checkpoints/yelp3_20261001-182849/exp2_bigru_attn/best_model.pt
2026-10-01 18:38:03 | INFO | epoch 3 step 4000/9960 lr 6.95e-04 loss 0.1145 grad_norm 0.220
2026-10-01 18:38:27 | INFO | epoch 3 step 4200/9960 lr 6.66e-04 loss 0.0965 grad_norm 0.230
2026-10-01 18:38:51 | INFO | epoch 3 step 4400/9960 lr 6.37e-04 loss 0.1289 grad_norm 0.247
2026-10-01 18:39:15 | INFO | epoch 3 step 4600/9960 lr 6.06e-04 loss 0.1921 grad_norm 0.320
2026-10-01 18:39:38 | INFO | epoch 3 step 4800/9960 lr 5.76e-04 loss 0.0625 grad_norm 0.166
2026-10-01 18:40:01 | INFO | epoch 3 step 5000/9960 lr 5.45e-04 loss 0.1159 grad_norm 0.223
2026-10-01 18:40:25 | INFO | epoch 3 step 5200/9960 lr 5.14e-04 loss 0.1230 grad_norm 0.226
2026-10-01 18:40:49 | INFO | epoch 3 step 5400/9960 lr 4.83e-04 loss 0.1321 grad_norm 0.259
2026-10-01 18:41:12 | INFO | epoch 3 step 5600/9960 lr 4.53e-04 loss 0.1069 grad_norm 0.220
2026-10-01 18:41:35 | INFO | epoch 3 step 5800/9960 lr 4.22e-04 loss 0.1051 grad_norm 0.318
2026-10-01 18:41:57 | INFO | EPOCH 3 | train_loss 0.1294 | val_loss 0.1286 | val_acc 0.9512 | val_f1_macro 0.9512 | val_auc 0.9902 | 236s
2026-10-01 18:41:57 | INFO | new best val macro-F1 0.9512 -> task2_sentiment/shibin_thomas/checkpoints/yelp3_20261001-182849/exp2_bigru_attn/best_model.pt
2026-10-01 18:42:00 | INFO | epoch 4 step 6000/9960 lr 3.92e-04 loss 0.1309 grad_norm 0.313
2026-10-01 18:42:20 | INFO | epoch 4 step 6200/9960 lr 3.63e-04 loss 0.0845 grad_norm 0.224
2026-10-01 18:42:43 | INFO | epoch 4 step 6400/9960 lr 3.34e-04 loss 0.1168 grad_norm 0.291
2026-10-01 18:43:07 | INFO | epoch 4 step 6600/9960 lr 3.06e-04 loss 0.1588 grad_norm 0.370
2026-10-01 18:43:30 | INFO | epoch 4 step 6800/9960 lr 2.79e-04 loss 0.1181 grad_norm 0.324
2026-10-01 18:43:54 | INFO | epoch 4 step 7000/9960 lr 2.54e-04 loss 0.1191 grad_norm 0.272
2026-10-01 18:44:19 | INFO | epoch 4 step 7200/9960 lr 2.29e-04 loss 0.1149 grad_norm 0.260
2026-10-01 18:44:42 | INFO | epoch 4 step 7400/9960 lr 2.05e-04 loss 0.1648 grad_norm 0.290
2026-10-01 18:45:06 | INFO | epoch 4 step 7600/9960 lr 1.83e-04 loss 0.0885 grad_norm 0.259
2026-10-01 18:45:26 | INFO | epoch 4 step 7800/9960 lr 1.62e-04 loss 0.1262 grad_norm 0.292
2026-10-01 18:45:42 | INFO | EPOCH 4 | train_loss 0.1171 | val_loss 0.1295 | val_acc 0.9522 | val_f1_macro 0.9522 | val_auc 0.9906 | 225s
2026-10-01 18:45:42 | INFO | new best val macro-F1 0.9522 -> task2_sentiment/shibin_thomas/checkpoints/yelp3_20261001-182849/exp2_bigru_attn/best_model.pt
2026-10-01 18:45:45 | INFO | epoch 5 step 8000/9960 lr 1.43e-04 loss 0.1606 grad_norm 0.334
2026-10-01 18:46:04 | INFO | epoch 5 step 8200/9960 lr 1.26e-04 loss 0.1013 grad_norm 0.261
2026-10-01 18:46:23 | INFO | epoch 5 step 8400/9960 lr 1.10e-04 loss 0.1145 grad_norm 0.215
2026-10-01 18:46:47 | INFO | epoch 5 step 8600/9960 lr 9.57e-05 loss 0.0886 grad_norm 0.245
2026-10-01 18:47:10 | INFO | epoch 5 step 8800/9960 lr 8.34e-05 loss 0.1695 grad_norm 0.301
2026-10-01 18:47:33 | INFO | epoch 5 step 9000/9960 lr 7.30e-05 loss 0.0770 grad_norm 0.226
2026-10-01 18:47:57 | INFO | epoch 5 step 9200/9960 lr 6.44e-05 loss 0.1278 grad_norm 0.256
2026-10-01 18:48:21 | INFO | epoch 5 step 9400/9960 lr 5.79e-05 loss 0.0851 grad_norm 0.228
2026-10-01 18:48:43 | INFO | epoch 5 step 9600/9960 lr 5.33e-05 loss 0.1013 grad_norm 0.231
2026-10-01 18:49:06 | INFO | epoch 5 step 9800/9960 lr 5.06e-05 loss 0.1196 grad_norm 0.250
2026-10-01 18:49:23 | INFO | EPOCH 5 | train_loss 0.1107 | val_loss 0.1311 | val_acc 0.9518 | val_f1_macro 0.9518 | val_auc 0.9907 | 221s
2026-10-01 18:49:23 | INFO | DONE exp2_bigru_attn | best val macro-F1 0.9522 @ epoch 4 | 1151s | 2,271 ex/s | peak {'peak_cpu_rss_mb': 2722.515625, 'peak_gpu_allocated_mb': 1392.189453125, 'peak_gpu_reserved_mb': 2510.0}
