2026-10-01 18:29:13 | INFO | START model exp1_textcnn run yelp3_20261001-182849 config=task2_sentiment/shibin_thomas/configs/exp1_textcnn.yaml overrides=[]
2026-10-01 18:29:13 | INFO | model={'type': 'textcnn', 'embed_dim': 128, 'kernel_sizes': [3, 4, 5], 'num_filters': 128, 'dropout': 0.5} params=4,037,377 vocab=30,000
2026-10-01 18:29:13 | INFO | training={'epochs': 5, 'batch_size': 256, 'lr': 0.001, 'min_lr_ratio': 0.05, 'warmup_frac': 0.03, 'weight_decay': 0.0001, 'grad_clip': 1.0, 'patience': 2, 'eval_batch_size': 1024, 'log_interval': 200}
2026-10-01 18:29:13 | INFO | device=cuda hardware={'device': 'cuda', 'cpu_model': 'Intel64 Family 6 Model 198 Stepping 2, GenuineIntel', 'cpu_count': 24, 'os': 'Windows 11', 'gpu_name': 'NVIDIA GeForce RTX 5090', 'gpu_count': 1, 'gpu_total_memory_gb': 31.84, 'cuda_version': '12.8', 'cudnn_version': 91900}
2026-10-01 18:29:13 | INFO | train=509,883 val=50,000 batch=256 steps/epoch=1,992 max_steps=9,960 warmup=298
2026-10-01 18:29:14 | INFO | epoch 1 step 0/9960 lr 3.36e-06 loss 0.7846 grad_norm 3.273
2026-10-01 18:29:15 | INFO | epoch 1 step 200/9960 lr 6.74e-04 loss 0.4916 grad_norm 2.217
2026-10-01 18:29:16 | INFO | epoch 1 step 400/9960 lr 1.00e-03 loss 0.2961 grad_norm 1.405
2026-10-01 18:29:17 | INFO | epoch 1 step 600/9960 lr 9.98e-04 loss 0.3172 grad_norm 0.872
2026-10-01 18:29:18 | INFO | epoch 1 step 800/9960 lr 9.94e-04 loss 0.2240 grad_norm 0.910
2026-10-01 18:29:19 | INFO | epoch 1 step 1000/9960 lr 9.88e-04 loss 0.2203 grad_norm 1.844
2026-10-01 18:29:20 | INFO | epoch 1 step 1200/9960 lr 9.80e-04 loss 0.1732 grad_norm 1.337
2026-10-01 18:29:21 | INFO | epoch 1 step 1400/9960 lr 9.70e-04 loss 0.2325 grad_norm 0.920
2026-10-01 18:29:22 | INFO | epoch 1 step 1600/9960 lr 9.58e-04 loss 0.2589 grad_norm 0.835
2026-10-01 18:29:23 | INFO | epoch 1 step 1800/9960 lr 9.44e-04 loss 0.1476 grad_norm 0.812
2026-10-01 18:29:24 | INFO | EPOCH 1 | train_loss 0.2839 | val_loss 0.1714 | val_acc 0.9328 | val_f1_macro 0.9328 | val_auc 0.9820 | 10s
2026-10-01 18:29:24 | INFO | new best val macro-F1 0.9328 -> task2_sentiment/shibin_thomas/checkpoints/yelp3_20261001-182849/exp1_textcnn/best_model.pt
2026-10-01 18:29:24 | INFO | epoch 2 step 2000/9960 lr 9.29e-04 loss 0.1534 grad_norm 0.986
2026-10-01 18:29:25 | INFO | epoch 2 step 2200/9960 lr 9.12e-04 loss 0.1942 grad_norm 0.791
2026-10-01 18:29:26 | INFO | epoch 2 step 2400/9960 lr 8.93e-04 loss 0.2195 grad_norm 1.699
2026-10-01 18:29:27 | INFO | epoch 2 step 2600/9960 lr 8.73e-04 loss 0.1881 grad_norm 0.741
2026-10-01 18:29:28 | INFO | epoch 2 step 2800/9960 lr 8.51e-04 loss 0.1554 grad_norm 0.662
2026-10-01 18:29:29 | INFO | epoch 2 step 3000/9960 lr 8.28e-04 loss 0.1999 grad_norm 0.858
2026-10-01 18:29:30 | INFO | epoch 2 step 3200/9960 lr 8.04e-04 loss 0.1963 grad_norm 1.024
2026-10-01 18:29:31 | INFO | epoch 2 step 3400/9960 lr 7.78e-04 loss 0.1856 grad_norm 1.022
2026-10-01 18:29:32 | INFO | epoch 2 step 3600/9960 lr 7.52e-04 loss 0.1948 grad_norm 1.370
2026-10-01 18:29:33 | INFO | epoch 2 step 3800/9960 lr 7.24e-04 loss 0.1618 grad_norm 0.778
2026-10-01 18:29:34 | INFO | EPOCH 2 | train_loss 0.1772 | val_loss 0.1557 | val_acc 0.9390 | val_f1_macro 0.9390 | val_auc 0.9852 | 11s
2026-10-01 18:29:34 | INFO | new best val macro-F1 0.9390 -> task2_sentiment/shibin_thomas/checkpoints/yelp3_20261001-182849/exp1_textcnn/best_model.pt
2026-10-01 18:29:35 | INFO | epoch 3 step 4000/9960 lr 6.95e-04 loss 0.1512 grad_norm 0.613
2026-10-01 18:29:36 | INFO | epoch 3 step 4200/9960 lr 6.66e-04 loss 0.1460 grad_norm 0.802
2026-10-01 18:29:37 | INFO | epoch 3 step 4400/9960 lr 6.37e-04 loss 0.1623 grad_norm 0.685
2026-10-01 18:29:38 | INFO | epoch 3 step 4600/9960 lr 6.06e-04 loss 0.1793 grad_norm 0.750
2026-10-01 18:29:39 | INFO | epoch 3 step 4800/9960 lr 5.76e-04 loss 0.0856 grad_norm 0.792
2026-10-01 18:29:41 | INFO | epoch 3 step 5000/9960 lr 5.45e-04 loss 0.1395 grad_norm 0.654
2026-10-01 18:29:42 | INFO | epoch 3 step 5200/9960 lr 5.14e-04 loss 0.1837 grad_norm 1.131
2026-10-01 18:29:43 | INFO | epoch 3 step 5400/9960 lr 4.83e-04 loss 0.1160 grad_norm 0.603
2026-10-01 18:29:44 | INFO | epoch 3 step 5600/9960 lr 4.53e-04 loss 0.1431 grad_norm 0.589
2026-10-01 18:29:46 | INFO | epoch 3 step 5800/9960 lr 4.22e-04 loss 0.1534 grad_norm 1.278
2026-10-01 18:29:47 | INFO | EPOCH 3 | train_loss 0.1501 | val_loss 0.1500 | val_acc 0.9414 | val_f1_macro 0.9414 | val_auc 0.9863 | 13s
2026-10-01 18:29:47 | INFO | new best val macro-F1 0.9414 -> task2_sentiment/shibin_thomas/checkpoints/yelp3_20261001-182849/exp1_textcnn/best_model.pt
2026-10-01 18:29:47 | INFO | epoch 4 step 6000/9960 lr 3.92e-04 loss 0.1204 grad_norm 1.012
2026-10-01 18:29:49 | INFO | epoch 4 step 6200/9960 lr 3.63e-04 loss 0.1104 grad_norm 0.526
2026-10-01 18:29:50 | INFO | epoch 4 step 6400/9960 lr 3.34e-04 loss 0.1005 grad_norm 0.524
2026-10-01 18:29:51 | INFO | epoch 4 step 6600/9960 lr 3.06e-04 loss 0.1892 grad_norm 0.687
2026-10-01 18:29:52 | INFO | epoch 4 step 6800/9960 lr 2.79e-04 loss 0.1162 grad_norm 0.466
2026-10-01 18:29:54 | INFO | epoch 4 step 7000/9960 lr 2.54e-04 loss 0.1101 grad_norm 0.501
2026-10-01 18:29:55 | INFO | epoch 4 step 7200/9960 lr 2.29e-04 loss 0.1613 grad_norm 0.927
2026-10-01 18:29:56 | INFO | epoch 4 step 7400/9960 lr 2.05e-04 loss 0.1706 grad_norm 0.669
2026-10-01 18:29:57 | INFO | epoch 4 step 7600/9960 lr 1.83e-04 loss 0.1243 grad_norm 0.513
2026-10-01 18:29:58 | INFO | epoch 4 step 7800/9960 lr 1.62e-04 loss 0.1065 grad_norm 0.639
2026-10-01 18:30:00 | INFO | EPOCH 4 | train_loss 0.1319 | val_loss 0.1473 | val_acc 0.9425 | val_f1_macro 0.9425 | val_auc 0.9867 | 13s
2026-10-01 18:30:00 | INFO | new best val macro-F1 0.9425 -> task2_sentiment/shibin_thomas/checkpoints/yelp3_20261001-182849/exp1_textcnn/best_model.pt
2026-10-01 18:30:00 | INFO | epoch 5 step 8000/9960 lr 1.43e-04 loss 0.1790 grad_norm 0.789
2026-10-01 18:30:01 | INFO | epoch 5 step 8200/9960 lr 1.26e-04 loss 0.1164 grad_norm 0.543
2026-10-01 18:30:03 | INFO | epoch 5 step 8400/9960 lr 1.10e-04 loss 0.1527 grad_norm 0.520
2026-10-01 18:30:04 | INFO | epoch 5 step 8600/9960 lr 9.57e-05 loss 0.1053 grad_norm 0.540
2026-10-01 18:30:05 | INFO | epoch 5 step 8800/9960 lr 8.34e-05 loss 0.1414 grad_norm 0.549
2026-10-01 18:30:06 | INFO | epoch 5 step 9000/9960 lr 7.30e-05 loss 0.0838 grad_norm 0.537
2026-10-01 18:30:07 | INFO | epoch 5 step 9200/9960 lr 6.44e-05 loss 0.1152 grad_norm 0.536
2026-10-01 18:30:09 | INFO | epoch 5 step 9400/9960 lr 5.79e-05 loss 0.1027 grad_norm 0.671
2026-10-01 18:30:10 | INFO | epoch 5 step 9600/9960 lr 5.33e-05 loss 0.1120 grad_norm 0.517
2026-10-01 18:30:11 | INFO | epoch 5 step 9800/9960 lr 5.06e-05 loss 0.1483 grad_norm 0.694
2026-10-01 18:30:13 | INFO | EPOCH 5 | train_loss 0.1222 | val_loss 0.1476 | val_acc 0.9434 | val_f1_macro 0.9434 | val_auc 0.9868 | 13s
2026-10-01 18:30:13 | INFO | new best val macro-F1 0.9434 -> task2_sentiment/shibin_thomas/checkpoints/yelp3_20261001-182849/exp1_textcnn/best_model.pt
2026-10-01 18:30:13 | INFO | DONE exp1_textcnn | best val macro-F1 0.9434 @ epoch 5 | 59s | 54,074 ex/s | peak {'peak_cpu_rss_mb': 2722.515625, 'peak_gpu_allocated_mb': 1276.80615234375, 'peak_gpu_reserved_mb': 1558.0}
