2026-10-01 20:18:01 | INFO | START run cyclegan_v1_20261001-201801
2026-10-01 20:18:02 | INFO | config=task3_gan/shibin_thomas/configs/cyclegan_v1.yaml overrides=[] hash=ab8cf5675afd
2026-10-01 20:18:02 | INFO | device=cuda hardware={'device': 'cuda', 'cpu_model': 'Intel64 Family 6 Model 198 Stepping 2, GenuineIntel', 'cpu_count': 24, 'os': 'Windows 11', 'gpu_name': 'NVIDIA GeForce RTX 5090', 'gpu_count': 1, 'gpu_total_memory_gb': 31.84, 'cuda_version': '12.8', 'cudnn_version': 91900}
2026-10-01 20:18:02 | INFO | GPU at start: NVIDIA GeForce RTX 5090, 6042 MiB, 32607 MiB, 52 % | 35 processes on the GPU (2 python, 17 not visible to this user); programs: AlienFXSubAgent.exe, CrossDeviceResume.exe, Killer.exe, Notepad.exe, PhoneExperienceHost.exe, SearchHost.exe, ShellExperienceHost.exe, ShellHost.exe, StartMenuExperienceHost.exe, WindowsTerminal.exe, chrome.exe, explorer.exe, msedge.exe, msedgewebview2.exe, python.exe
2026-10-01 20:18:02 | INFO | domains: A=Monet 300 images (task3_gan/data/monet_jpg), B=Photo 7,038 images (task3_gan/data/photo_jpg)
2026-10-01 20:18:02 | INFO | model={'ngf': 64, 'n_res_blocks': 9, 'upsample': 'resize_conv', 'dropout': 0.0, 'ndf': 64, 'd_layers': 3} params={'G_AB': 11378179, 'G_BA': 11378179, 'D_A': 2764737, 'D_B': 2764737} total=28,285,832
2026-10-01 20:18:02 | INFO | training={'epochs_constant': 20, 'epochs_decay': 20, 'samples_per_epoch': 2000, 'batch_size': 4, 'lr': 0.0002, 'betas': [0.5, 0.999], 'lambda_cycle': 10.0, 'lambda_identity': 5.0, 'pool_size': 50, 'num_workers': 4, 'log_interval': 100, 'n_fixed': 4, 'cycle_eval_n': 64, 'fid_every': 5, 'fid_n': 300}
2026-10-01 20:18:02 | INFO | epochs=40 (20 constant + 20 decay) steps/epoch=500 total_steps=20,000
2026-10-01 20:18:47 | INFO | periodic FID every 5 epochs on 300 images per domain
2026-10-01 20:19:12 | INFO | epoch 1/40 step 0 lr 2.00e-04 | G 26.356 (gan 4.604/1.454 cyc 0.639/0.727 idt 0.614/0.712) | D_A 1.664 D_B 3.212 | gnG 106.30 gnD 81.81
2026-10-01 20:19:37 | INFO | epoch 1/40 step 100 lr 2.00e-04 | G 9.057 (gan 0.366/0.393 cyc 0.219/0.346 idt 0.200/0.329) | D_A 0.265 D_B 0.270 | gnG 41.27 gnD 10.23
2026-10-01 20:20:02 | INFO | epoch 1/40 step 200 lr 2.00e-04 | G 8.009 (gan 0.424/0.398 cyc 0.271/0.233 idt 0.235/0.196) | D_A 0.232 D_B 0.254 | gnG 45.61 gnD 21.64
2026-10-01 20:20:27 | INFO | epoch 1/40 step 300 lr 2.00e-04 | G 8.885 (gan 0.612/0.455 cyc 0.270/0.255 idt 0.267/0.246) | D_A 0.145 D_B 0.198 | gnG 65.21 gnD 9.46
2026-10-01 20:20:53 | INFO | epoch 1/40 step 400 lr 2.00e-04 | G 8.467 (gan 0.510/0.330 cyc 0.294/0.237 idt 0.288/0.174) | D_A 0.233 D_B 0.447 | gnG 39.07 gnD 37.43
2026-10-01 20:21:23 | INFO | EPOCH 1/40 | G 8.72103 D_A 0.33783 D_B 0.33297 | cyc_l1 A 0.1112 B 0.1037 | FID B2A - A2B - | 151s
2026-10-01 20:21:40 | INFO | epoch 2/40 step 500 lr 2.00e-04 | G 7.935 (gan 0.543/0.466 cyc 0.205/0.281 idt 0.186/0.227) | D_A 0.199 D_B 0.181 | gnG 48.39 gnD 16.60
2026-10-01 20:22:00 | INFO | epoch 2/40 step 600 lr 2.00e-04 | G 7.473 (gan 0.310/0.453 cyc 0.185/0.267 idt 0.185/0.254) | D_A 0.166 D_B 0.210 | gnG 26.17 gnD 9.09
2026-10-01 20:22:19 | INFO | epoch 2/40 step 700 lr 2.00e-04 | G 6.431 (gan 0.542/0.417 cyc 0.161/0.201 idt 0.180/0.189) | D_A 0.152 D_B 0.187 | gnG 50.63 gnD 12.88
2026-10-01 20:22:44 | INFO | epoch 2/40 step 800 lr 2.00e-04 | G 6.128 (gan 0.426/0.603 cyc 0.190/0.162 idt 0.184/0.133) | D_A 0.131 D_B 0.177 | gnG 34.82 gnD 16.64
2026-10-01 20:23:10 | INFO | epoch 2/40 step 900 lr 2.00e-04 | G 6.810 (gan 0.419/0.518 cyc 0.214/0.197 idt 0.211/0.141) | D_A 0.169 D_B 0.202 | gnG 47.75 gnD 11.31
2026-10-01 20:23:36 | INFO | EPOCH 2/40 | G 7.34106 D_A 0.20518 D_B 0.22525 | cyc_l1 A 0.1229 B 0.1138 | FID B2A - A2B - | 132s
2026-10-01 20:23:52 | INFO | epoch 3/40 step 1000 lr 2.00e-04 | G 7.096 (gan 0.327/0.425 cyc 0.256/0.201 idt 0.210/0.146) | D_A 0.164 D_B 0.191 | gnG 64.02 gnD 8.93
2026-10-01 20:24:17 | INFO | epoch 3/40 step 1100 lr 2.00e-04 | G 6.007 (gan 0.571/0.231 cyc 0.167/0.186 idt 0.171/0.164) | D_A 0.171 D_B 0.202 | gnG 34.35 gnD 19.13
2026-10-01 20:24:42 | INFO | epoch 3/40 step 1200 lr 2.00e-04 | G 6.613 (gan 0.666/0.787 cyc 0.185/0.181 idt 0.155/0.145) | D_A 0.153 D_B 0.122 | gnG 33.38 gnD 16.61
2026-10-01 20:25:07 | INFO | epoch 3/40 step 1300 lr 2.00e-04 | G 5.849 (gan 0.326/0.678 cyc 0.145/0.181 idt 0.149/0.167) | D_A 0.168 D_B 0.162 | gnG 43.10 gnD 16.79
2026-10-01 20:25:33 | INFO | epoch 3/40 step 1400 lr 2.00e-04 | G 6.964 (gan 0.371/0.289 cyc 0.190/0.228 idt 0.206/0.218) | D_A 0.343 D_B 0.304 | gnG 30.68 gnD 28.58
2026-10-01 20:25:59 | INFO | EPOCH 3/40 | G 7.06042 D_A 0.19019 D_B 0.20035 | cyc_l1 A 0.0944 B 0.1097 | FID B2A - A2B - | 142s
2026-10-01 20:26:18 | INFO | epoch 4/40 step 1500 lr 2.00e-04 | G 6.128 (gan 0.265/0.358 cyc 0.200/0.186 idt 0.186/0.145) | D_A 0.385 D_B 0.216 | gnG 39.65 gnD 35.19
2026-10-01 20:26:43 | INFO | epoch 4/40 step 1600 lr 2.00e-04 | G 7.069 (gan 0.326/0.345 cyc 0.182/0.273 idt 0.183/0.188) | D_A 0.254 D_B 0.197 | gnG 44.50 gnD 13.63
2026-10-01 20:27:08 | INFO | epoch 4/40 step 1700 lr 2.00e-04 | G 6.153 (gan 0.382/0.331 cyc 0.173/0.182 idt 0.181/0.196) | D_A 0.205 D_B 0.160 | gnG 33.86 gnD 8.54
2026-10-01 20:27:34 | INFO | epoch 4/40 step 1800 lr 2.00e-04 | G 7.799 (gan 0.775/0.156 cyc 0.227/0.246 idt 0.215/0.214) | D_A 0.268 D_B 0.217 | gnG 51.76 gnD 31.33
2026-10-01 20:27:59 | INFO | epoch 4/40 step 1900 lr 2.00e-04 | G 7.120 (gan 0.164/0.124 cyc 0.210/0.266 idt 0.191/0.223) | D_A 0.207 D_B 0.217 | gnG 35.88 gnD 16.46
2026-10-01 20:28:25 | INFO | EPOCH 4/40 | G 6.75283 D_A 0.18852 D_B 0.20229 | cyc_l1 A 0.0948 B 0.1027 | FID B2A - A2B - | 145s
2026-10-01 20:28:41 | INFO | epoch 5/40 step 2000 lr 2.00e-04 | G 6.576 (gan 0.381/0.414 cyc 0.181/0.221 idt 0.179/0.175) | D_A 0.200 D_B 0.234 | gnG 33.74 gnD 18.46
2026-10-01 20:29:06 | INFO | epoch 5/40 step 2100 lr 2.00e-04 | G 7.186 (gan 0.689/0.783 cyc 0.233/0.155 idt 0.204/0.164) | D_A 0.064 D_B 0.173 | gnG 37.00 gnD 21.62
2026-10-01 20:29:31 | INFO | epoch 5/40 step 2200 lr 2.00e-04 | G 5.712 (gan 0.210/0.435 cyc 0.179/0.166 idt 0.189/0.135) | D_A 0.211 D_B 0.161 | gnG 34.41 gnD 17.06
2026-10-01 20:29:56 | INFO | epoch 5/40 step 2300 lr 2.00e-04 | G 6.694 (gan 0.849/0.281 cyc 0.178/0.186 idt 0.176/0.207) | D_A 0.170 D_B 0.251 | gnG 34.94 gnD 24.12
2026-10-01 20:30:15 | INFO | epoch 5/40 step 2400 lr 2.00e-04 | G 7.477 (gan 0.621/0.375 cyc 0.224/0.194 idt 0.258/0.203) | D_A 0.215 D_B 0.290 | gnG 50.13 gnD 33.04
2026-10-01 20:31:10 | INFO | EPOCH 5/40 | G 6.60354 D_A 0.17555 D_B 0.20283 | cyc_l1 A 0.0853 B 0.0925 | FID B2A 153.206 A2B 187.668 | 134s
2026-10-01 20:31:26 | INFO | epoch 6/40 step 2500 lr 2.00e-04 | G 6.878 (gan 0.600/0.468 cyc 0.188/0.211 idt 0.178/0.186) | D_A 0.243 D_B 0.229 | gnG 27.91 gnD 26.45
2026-10-01 20:31:51 | INFO | epoch 6/40 step 2600 lr 2.00e-04 | G 7.869 (gan 0.542/0.985 cyc 0.229/0.221 idt 0.195/0.174) | D_A 0.106 D_B 0.133 | gnG 57.43 gnD 15.58
2026-10-01 20:32:16 | INFO | epoch 6/40 step 2700 lr 2.00e-04 | G 5.363 (gan 0.379/0.261 cyc 0.170/0.151 idt 0.162/0.142) | D_A 0.126 D_B 0.230 | gnG 31.72 gnD 7.86
2026-10-01 20:32:41 | INFO | epoch 6/40 step 2800 lr 2.00e-04 | G 6.126 (gan 0.190/0.647 cyc 0.212/0.141 idt 0.216/0.135) | D_A 0.117 D_B 0.163 | gnG 44.80 gnD 10.83
2026-10-01 20:33:06 | INFO | epoch 6/40 step 2900 lr 2.00e-04 | G 6.044 (gan 0.982/0.541 cyc 0.148/0.148 idt 0.156/0.155) | D_A 0.142 D_B 0.288 | gnG 40.46 gnD 21.69
2026-10-01 20:33:27 | INFO | EPOCH 6/40 | G 6.41963 D_A 0.17413 D_B 0.20004 | cyc_l1 A 0.1000 B 0.1026 | FID B2A - A2B - | 137s
2026-10-01 20:33:44 | INFO | epoch 7/40 step 3000 lr 2.00e-04 | G 6.598 (gan 0.261/0.599 cyc 0.183/0.205 idt 0.185/0.188) | D_A 0.076 D_B 0.241 | gnG 44.97 gnD 14.13
2026-10-01 20:34:09 | INFO | epoch 7/40 step 3100 lr 2.00e-04 | G 6.114 (gan 0.695/0.586 cyc 0.149/0.185 idt 0.174/0.126) | D_A 0.123 D_B 0.141 | gnG 34.96 gnD 13.89
2026-10-01 20:34:34 | INFO | epoch 7/40 step 3200 lr 2.00e-04 | G 8.151 (gan 0.418/0.717 cyc 0.196/0.285 idt 0.175/0.267) | D_A 0.276 D_B 0.247 | gnG 50.54 gnD 19.05
2026-10-01 20:34:59 | INFO | epoch 7/40 step 3300 lr 2.00e-04 | G 6.639 (gan 0.468/0.676 cyc 0.167/0.217 idt 0.154/0.176) | D_A 0.099 D_B 0.151 | gnG 40.17 gnD 12.73
2026-10-01 20:35:24 | INFO | epoch 7/40 step 3400 lr 2.00e-04 | G 6.089 (gan 0.550/0.692 cyc 0.143/0.180 idt 0.155/0.167) | D_A 0.113 D_B 0.153 | gnG 26.07 gnD 11.99
2026-10-01 20:35:51 | INFO | EPOCH 7/40 | G 6.49131 D_A 0.15911 D_B 0.19528 | cyc_l1 A 0.0805 B 0.0893 | FID B2A - A2B - | 142s
2026-10-01 20:36:07 | INFO | epoch 8/40 step 3500 lr 2.00e-04 | G 6.865 (gan 0.402/0.806 cyc 0.210/0.172 idt 0.213/0.155) | D_A 0.183 D_B 0.161 | gnG 30.50 gnD 15.03
2026-10-01 20:36:32 | INFO | epoch 8/40 step 3600 lr 2.00e-04 | G 5.116 (gan 0.307/0.410 cyc 0.166/0.114 idt 0.181/0.138) | D_A 0.148 D_B 0.181 | gnG 25.24 gnD 19.07
2026-10-01 20:36:57 | INFO | epoch 8/40 step 3700 lr 2.00e-04 | G 6.242 (gan 0.635/0.342 cyc 0.183/0.173 idt 0.203/0.138) | D_A 0.151 D_B 0.297 | gnG 36.97 gnD 27.31
2026-10-01 20:37:16 | INFO | epoch 8/40 step 3800 lr 2.00e-04 | G 7.650 (gan 0.357/0.636 cyc 0.258/0.208 idt 0.234/0.166) | D_A 0.131 D_B 0.150 | gnG 39.10 gnD 14.94
2026-10-01 20:37:40 | INFO | epoch 8/40 step 3900 lr 2.00e-04 | G 5.152 (gan 0.474/0.459 cyc 0.134/0.150 idt 0.136/0.140) | D_A 0.124 D_B 0.135 | gnG 23.62 gnD 8.96
2026-10-01 20:38:07 | INFO | EPOCH 8/40 | G 6.22022 D_A 0.21839 D_B 0.19738 | cyc_l1 A 0.0767 B 0.0814 | FID B2A - A2B - | 134s
2026-10-01 20:38:22 | INFO | epoch 9/40 step 4000 lr 2.00e-04 | G 4.337 (gan 0.371/0.300 cyc 0.124/0.118 idt 0.117/0.131) | D_A 0.189 D_B 0.292 | gnG 31.25 gnD 5.29
2026-10-01 20:38:48 | INFO | epoch 9/40 step 4100 lr 2.00e-04 | G 5.926 (gan 0.535/0.432 cyc 0.196/0.147 idt 0.167/0.139) | D_A 0.171 D_B 0.168 | gnG 25.67 gnD 17.73
2026-10-01 20:39:13 | INFO | epoch 9/40 step 4200 lr 2.00e-04 | G 5.657 (gan 0.367/0.723 cyc 0.164/0.137 idt 0.170/0.141) | D_A 0.261 D_B 0.258 | gnG 46.01 gnD 24.46
2026-10-01 20:39:38 | INFO | epoch 9/40 step 4300 lr 2.00e-04 | G 6.933 (gan 0.356/0.740 cyc 0.191/0.205 idt 0.181/0.194) | D_A 0.161 D_B 0.228 | gnG 44.37 gnD 10.99
2026-10-01 20:40:03 | INFO | epoch 9/40 step 4400 lr 2.00e-04 | G 6.211 (gan 0.588/0.732 cyc 0.192/0.130 idt 0.203/0.131) | D_A 0.096 D_B 0.221 | gnG 26.60 gnD 15.32
2026-10-01 20:40:29 | INFO | EPOCH 9/40 | G 5.90513 D_A 0.17050 D_B 0.19278 | cyc_l1 A 0.0832 B 0.0926 | FID B2A - A2B - | 141s
2026-10-01 20:40:46 | INFO | epoch 10/40 step 4500 lr 2.00e-04 | G 6.312 (gan 0.162/0.863 cyc 0.199/0.160 idt 0.191/0.150) | D_A 0.177 D_B 0.275 | gnG 41.08 gnD 31.21
2026-10-01 20:41:05 | INFO | epoch 10/40 step 4600 lr 2.00e-04 | G 7.414 (gan 0.522/1.210 cyc 0.153/0.239 idt 0.152/0.201) | D_A 0.283 D_B 0.132 | gnG 49.99 gnD 27.92
2026-10-01 20:41:30 | INFO | epoch 10/40 step 4700 lr 2.00e-04 | G 5.927 (gan 0.564/0.142 cyc 0.163/0.184 idt 0.149/0.201) | D_A 0.165 D_B 0.325 | gnG 29.79 gnD 27.75
2026-10-01 20:41:55 | INFO | epoch 10/40 step 4800 lr 2.00e-04 | G 5.639 (gan 0.574/0.409 cyc 0.163/0.153 idt 0.172/0.128) | D_A 0.095 D_B 0.251 | gnG 28.24 gnD 13.40
2026-10-01 20:42:20 | INFO | epoch 10/40 step 4900 lr 2.00e-04 | G 5.771 (gan 0.320/0.959 cyc 0.181/0.124 idt 0.179/0.110) | D_A 0.192 D_B 0.136 | gnG 48.71 gnD 18.48
2026-10-01 20:43:08 | INFO | EPOCH 10/40 | G 5.85649 D_A 0.13737 D_B 0.18831 | cyc_l1 A 0.0747 B 0.0849 | FID B2A 145.384 A2B 155.230 | 136s
2026-10-01 20:43:24 | INFO | epoch 11/40 step 5000 lr 2.00e-04 | G 5.076 (gan 0.260/0.594 cyc 0.129/0.151 idt 0.137/0.149) | D_A 0.145 D_B 0.174 | gnG 26.65 gnD 18.67
2026-10-01 20:43:49 | INFO | epoch 11/40 step 5100 lr 2.00e-04 | G 5.328 (gan 0.421/0.345 cyc 0.129/0.171 idt 0.139/0.173) | D_A 0.139 D_B 0.232 | gnG 25.49 gnD 15.55
2026-10-01 20:44:14 | INFO | epoch 11/40 step 5200 lr 2.00e-04 | G 5.889 (gan 0.239/0.500 cyc 0.171/0.171 idt 0.189/0.158) | D_A 0.107 D_B 0.184 | gnG 36.71 gnD 20.77
2026-10-01 20:44:33 | INFO | epoch 11/40 step 5300 lr 2.00e-04 | G 6.532 (gan 0.391/0.741 cyc 0.163/0.207 idt 0.167/0.173) | D_A 0.083 D_B 0.293 | gnG 36.52 gnD 20.32
2026-10-01 20:44:57 | INFO | epoch 11/40 step 5400 lr 2.00e-04 | G 4.902 (gan 0.380/0.246 cyc 0.166/0.136 idt 0.157/0.094) | D_A 0.312 D_B 0.161 | gnG 37.38 gnD 30.44
2026-10-01 20:45:24 | INFO | EPOCH 11/40 | G 5.86532 D_A 0.13969 D_B 0.19482 | cyc_l1 A 0.0764 B 0.0770 | FID B2A - A2B - | 135s
2026-10-01 20:45:39 | INFO | epoch 12/40 step 5500 lr 2.00e-04 | G 5.181 (gan 0.469/0.527 cyc 0.151/0.129 idt 0.160/0.117) | D_A 0.090 D_B 0.104 | gnG 28.11 gnD 9.37
2026-10-01 20:46:04 | INFO | epoch 12/40 step 5600 lr 2.00e-04 | G 5.853 (gan 0.433/0.465 cyc 0.187/0.143 idt 0.187/0.145) | D_A 0.122 D_B 0.232 | gnG 27.70 gnD 19.09
2026-10-01 20:46:30 | INFO | epoch 12/40 step 5700 lr 2.00e-04 | G 5.881 (gan 0.249/0.545 cyc 0.172/0.166 idt 0.178/0.163) | D_A 0.069 D_B 0.250 | gnG 39.66 gnD 11.66
2026-10-01 20:46:55 | INFO | epoch 12/40 step 5800 lr 2.00e-04 | G 5.987 (gan 0.183/0.832 cyc 0.155/0.176 idt 0.187/0.145) | D_A 0.085 D_B 0.182 | gnG 47.86 gnD 10.46
2026-10-01 20:47:20 | INFO | epoch 12/40 step 5900 lr 2.00e-04 | G 5.505 (gan 0.293/0.256 cyc 0.131/0.214 idt 0.128/0.174) | D_A 0.173 D_B 0.238 | gnG 66.86 gnD 21.39
2026-10-01 20:47:46 | INFO | EPOCH 12/40 | G 5.83499 D_A 0.12693 D_B 0.26258 | cyc_l1 A 0.0802 B 0.0831 | FID B2A - A2B - | 141s
2026-10-01 20:48:03 | INFO | epoch 13/40 step 6000 lr 2.00e-04 | G 6.012 (gan 0.338/0.898 cyc 0.174/0.159 idt 0.167/0.121) | D_A 0.184 D_B 0.238 | gnG 31.93 gnD 18.07
2026-10-01 20:48:22 | INFO | epoch 13/40 step 6100 lr 2.00e-04 | G 5.830 (gan 0.408/0.809 cyc 0.155/0.159 idt 0.162/0.131) | D_A 0.169 D_B 0.274 | gnG 39.57 gnD 23.86
2026-10-01 20:48:47 | INFO | epoch 13/40 step 6200 lr 2.00e-04 | G 5.938 (gan 0.563/0.237 cyc 0.174/0.166 idt 0.196/0.152) | D_A 0.316 D_B 0.207 | gnG 31.49 gnD 30.83
2026-10-01 20:49:12 | INFO | epoch 13/40 step 6300 lr 2.00e-04 | G 6.634 (gan 0.164/1.310 cyc 0.159/0.195 idt 0.157/0.168) | D_A 0.160 D_B 0.226 | gnG 73.85 gnD 25.06
2026-10-01 20:49:37 | INFO | epoch 13/40 step 6400 lr 2.00e-04 | G 5.197 (gan 0.173/0.437 cyc 0.128/0.176 idt 0.169/0.141) | D_A 0.136 D_B 0.276 | gnG 33.43 gnD 9.77
2026-10-01 20:50:04 | INFO | EPOCH 13/40 | G 5.53165 D_A 0.16642 D_B 0.22545 | cyc_l1 A 0.0749 B 0.0842 | FID B2A - A2B - | 136s
2026-10-01 20:50:22 | INFO | epoch 14/40 step 6500 lr 2.00e-04 | G 4.770 (gan 0.306/0.438 cyc 0.127/0.154 idt 0.141/0.103) | D_A 0.098 D_B 0.181 | gnG 37.81 gnD 7.08
2026-10-01 20:50:47 | INFO | epoch 14/40 step 6600 lr 2.00e-04 | G 4.783 (gan 0.413/0.367 cyc 0.149/0.134 idt 0.124/0.112) | D_A 0.227 D_B 0.193 | gnG 26.10 gnD 19.49
2026-10-01 20:51:12 | INFO | epoch 14/40 step 6700 lr 2.00e-04 | G 5.041 (gan 0.302/0.415 cyc 0.138/0.153 idt 0.145/0.139) | D_A 0.095 D_B 0.206 | gnG 37.52 gnD 11.49
2026-10-01 20:51:37 | INFO | epoch 14/40 step 6800 lr 2.00e-04 | G 3.981 (gan 0.439/0.234 cyc 0.098/0.131 idt 0.116/0.088) | D_A 0.126 D_B 0.160 | gnG 37.44 gnD 12.45
2026-10-01 20:51:58 | INFO | epoch 14/40 step 6900 lr 2.00e-04 | G 5.486 (gan 0.519/0.595 cyc 0.142/0.161 idt 0.149/0.119) | D_A 0.094 D_B 0.126 | gnG 31.56 gnD 9.67
2026-10-01 20:52:22 | INFO | EPOCH 14/40 | G 5.46515 D_A 0.16508 D_B 0.21877 | cyc_l1 A 0.0683 B 0.0737 | FID B2A - A2B - | 137s
2026-10-01 20:52:42 | INFO | epoch 15/40 step 7000 lr 2.00e-04 | G 4.100 (gan 0.337/0.222 cyc 0.120/0.120 idt 0.118/0.110) | D_A 0.175 D_B 0.155 | gnG 34.76 gnD 14.57
2026-10-01 20:53:07 | INFO | epoch 15/40 step 7100 lr 2.00e-04 | G 6.153 (gan 0.265/0.662 cyc 0.139/0.215 idt 0.152/0.186) | D_A 0.112 D_B 0.249 | gnG 37.46 gnD 12.23
2026-10-01 20:53:32 | INFO | epoch 15/40 step 7200 lr 2.00e-04 | G 5.126 (gan 0.264/0.484 cyc 0.138/0.162 idt 0.138/0.138) | D_A 0.081 D_B 0.153 | gnG 37.24 gnD 11.21
2026-10-01 20:53:57 | INFO | epoch 15/40 step 7300 lr 2.00e-04 | G 5.685 (gan 0.175/0.584 cyc 0.158/0.177 idt 0.150/0.166) | D_A 0.115 D_B 0.196 | gnG 32.18 gnD 9.94
2026-10-01 20:54:22 | INFO | epoch 15/40 step 7400 lr 2.00e-04 | G 4.818 (gan 0.229/0.621 cyc 0.116/0.157 idt 0.118/0.131) | D_A 0.082 D_B 0.195 | gnG 36.20 gnD 11.49
2026-10-01 20:55:15 | INFO | EPOCH 15/40 | G 5.54006 D_A 0.16033 D_B 0.20750 | cyc_l1 A 0.0734 B 0.0783 | FID B2A 147.105 A2B 169.466 | 146s
2026-10-01 20:55:32 | INFO | epoch 16/40 step 7500 lr 2.00e-04 | G 5.880 (gan 0.324/1.235 cyc 0.155/0.138 idt 0.168/0.111) | D_A 0.226 D_B 0.194 | gnG 34.36 gnD 28.66
2026-10-01 20:55:57 | INFO | epoch 16/40 step 7600 lr 2.00e-04 | G 6.007 (gan 0.304/0.630 cyc 0.157/0.190 idt 0.160/0.161) | D_A 0.093 D_B 0.137 | gnG 35.34 gnD 11.30
2026-10-01 20:56:22 | INFO | epoch 16/40 step 7700 lr 2.00e-04 | G 5.434 (gan 0.371/0.692 cyc 0.154/0.150 idt 0.140/0.125) | D_A 0.156 D_B 0.194 | gnG 30.44 gnD 9.69
2026-10-01 20:56:47 | INFO | epoch 16/40 step 7800 lr 2.00e-04 | G 5.224 (gan 0.292/0.450 cyc 0.167/0.148 idt 0.166/0.100) | D_A 0.116 D_B 0.163 | gnG 44.80 gnD 13.85
2026-10-01 20:57:12 | INFO | epoch 16/40 step 7900 lr 2.00e-04 | G 5.430 (gan 0.965/0.144 cyc 0.156/0.129 idt 0.193/0.101) | D_A 0.178 D_B 0.223 | gnG 36.24 gnD 24.10
2026-10-01 20:57:39 | INFO | EPOCH 16/40 | G 5.50104 D_A 0.15891 D_B 0.20212 | cyc_l1 A 0.0748 B 0.0744 | FID B2A - A2B - | 143s
2026-10-01 20:57:55 | INFO | epoch 17/40 step 8000 lr 2.00e-04 | G 5.174 (gan 0.175/0.656 cyc 0.146/0.145 idt 0.149/0.137) | D_A 0.121 D_B 0.261 | gnG 25.65 gnD 11.51
2026-10-01 21:02:12 | INFO | RESUMED run cyclegan_v1_20261001-201801 at epoch 16 step 8000 (image pools restart empty)
2026-10-01 21:02:12 | INFO | config=task3_gan/shibin_thomas/configs/cyclegan_v1.yaml overrides=[] hash=ab8cf5675afd
2026-10-01 21:02:12 | INFO | device=cuda hardware={'device': 'cuda', 'cpu_model': 'Intel64 Family 6 Model 198 Stepping 2, GenuineIntel', 'cpu_count': 24, 'os': 'Windows 11', 'gpu_name': 'NVIDIA GeForce RTX 5090', 'gpu_count': 1, 'gpu_total_memory_gb': 31.84, 'cuda_version': '12.8', 'cudnn_version': 91900}
2026-10-01 21:02:12 | INFO | GPU at start: NVIDIA GeForce RTX 5090, 6461 MiB, 32607 MiB, 65 % | 35 processes on the GPU (2 python, 17 not visible to this user); programs: AlienFXSubAgent.exe, CrossDeviceResume.exe, Killer.exe, Notepad.exe, PhoneExperienceHost.exe, SearchHost.exe, ShellExperienceHost.exe, ShellHost.exe, StartMenuExperienceHost.exe, WindowsTerminal.exe, chrome.exe, explorer.exe, msedge.exe, msedgewebview2.exe, python.exe
2026-10-01 21:02:12 | INFO | domains: A=Monet 300 images (task3_gan/data/monet_jpg), B=Photo 7,038 images (task3_gan/data/photo_jpg)
2026-10-01 21:02:12 | INFO | model={'ngf': 64, 'n_res_blocks': 9, 'upsample': 'resize_conv', 'dropout': 0.0, 'ndf': 64, 'd_layers': 3} params={'G_AB': 11378179, 'G_BA': 11378179, 'D_A': 2764737, 'D_B': 2764737} total=28,285,832
2026-10-01 21:02:12 | INFO | training={'epochs_constant': 20, 'epochs_decay': 20, 'samples_per_epoch': 2000, 'batch_size': 4, 'lr': 0.0002, 'betas': [0.5, 0.999], 'lambda_cycle': 10.0, 'lambda_identity': 5.0, 'pool_size': 50, 'num_workers': 4, 'log_interval': 100, 'n_fixed': 4, 'cycle_eval_n': 64, 'fid_every': 5, 'fid_n': 300}
2026-10-01 21:02:12 | INFO | epochs=40 (20 constant + 20 decay) steps/epoch=500 total_steps=20,000
2026-10-01 21:02:53 | INFO | periodic FID every 5 epochs on 300 images per domain
2026-10-01 21:03:15 | INFO | epoch 17/40 step 8000 lr 2.00e-04 | G 5.174 (gan 0.175/0.656 cyc 0.146/0.145 idt 0.149/0.137) | D_A 0.122 D_B 0.261 | gnG 25.65 gnD 11.21
2026-10-01 21:03:41 | INFO | epoch 17/40 step 8100 lr 2.00e-04 | G 5.412 (gan 0.384/0.440 cyc 0.164/0.144 idt 0.155/0.147) | D_A 0.100 D_B 0.148 | gnG 22.54 gnD 7.98
2026-10-01 21:04:07 | INFO | epoch 17/40 step 8200 lr 2.00e-04 | G 4.730 (gan 0.427/0.344 cyc 0.125/0.158 idt 0.111/0.114) | D_A 0.121 D_B 0.091 | gnG 44.51 gnD 7.46
2026-10-01 21:04:33 | INFO | epoch 17/40 step 8300 lr 2.00e-04 | G 5.190 (gan 0.303/0.616 cyc 0.147/0.131 idt 0.156/0.143) | D_A 0.140 D_B 0.260 | gnG 29.30 gnD 13.88
2026-10-01 21:04:59 | INFO | epoch 17/40 step 8400 lr 2.00e-04 | G 5.267 (gan 0.293/0.204 cyc 0.166/0.139 idt 0.192/0.152) | D_A 0.208 D_B 0.247 | gnG 25.49 gnD 23.33
2026-10-01 21:05:31 | INFO | EPOCH 17/40 | G 5.57552 D_A 0.15614 D_B 0.18593 | cyc_l1 A 0.0772 B 0.0790 | FID B2A - A2B - | 152s
2026-10-01 21:05:47 | INFO | epoch 18/40 step 8500 lr 2.00e-04 | G 5.788 (gan 0.187/0.959 cyc 0.129/0.179 idt 0.125/0.187) | D_A 0.129 D_B 0.243 | gnG 28.75 gnD 24.43
2026-10-01 21:06:10 | INFO | epoch 18/40 step 8600 lr 2.00e-04 | G 5.703 (gan 0.867/0.105 cyc 0.124/0.187 idt 0.138/0.186) | D_A 0.256 D_B 0.145 | gnG 35.58 gnD 22.09
2026-10-01 21:06:32 | INFO | epoch 18/40 step 8700 lr 2.00e-04 | G 5.521 (gan 0.432/0.323 cyc 0.171/0.150 idt 0.187/0.125) | D_A 0.107 D_B 0.170 | gnG 36.20 gnD 9.37
2026-10-01 21:06:58 | INFO | epoch 18/40 step 8800 lr 2.00e-04 | G 4.351 (gan 0.509/0.572 cyc 0.117/0.104 idt 0.109/0.102) | D_A 0.117 D_B 0.125 | gnG 30.25 gnD 12.37
2026-10-01 21:07:24 | INFO | epoch 18/40 step 8900 lr 2.00e-04 | G 5.852 (gan 0.336/0.166 cyc 0.229/0.132 idt 0.214/0.134) | D_A 0.208 D_B 0.314 | gnG 33.58 gnD 20.08
2026-10-01 21:07:52 | INFO | EPOCH 18/40 | G 5.49417 D_A 0.15177 D_B 0.17881 | cyc_l1 A 0.0774 B 0.0807 | FID B2A - A2B - | 140s
2026-10-01 21:08:10 | INFO | epoch 19/40 step 9000 lr 2.00e-04 | G 5.317 (gan 0.678/0.261 cyc 0.135/0.158 idt 0.142/0.147) | D_A 0.194 D_B 0.104 | gnG 36.35 gnD 18.31
2026-10-01 21:08:36 | INFO | epoch 19/40 step 9100 lr 2.00e-04 | G 5.993 (gan 0.398/0.582 cyc 0.140/0.204 idt 0.142/0.173) | D_A 0.142 D_B 0.105 | gnG 28.13 gnD 18.35
2026-10-01 21:09:02 | INFO | epoch 19/40 step 9200 lr 2.00e-04 | G 5.462 (gan 0.241/0.566 cyc 0.195/0.130 idt 0.152/0.129) | D_A 0.154 D_B 0.138 | gnG 36.72 gnD 16.70
2026-10-01 21:09:28 | INFO | epoch 19/40 step 9300 lr 2.00e-04 | G 4.578 (gan 0.462/0.352 cyc 0.130/0.123 idt 0.137/0.109) | D_A 0.153 D_B 0.219 | gnG 30.09 gnD 9.30
2026-10-01 21:09:54 | INFO | epoch 19/40 step 9400 lr 2.00e-04 | G 5.686 (gan 0.554/0.256 cyc 0.176/0.150 idt 0.190/0.134) | D_A 0.135 D_B 0.134 | gnG 30.86 gnD 13.11
2026-10-01 21:10:17 | INFO | EPOCH 19/40 | G 5.52869 D_A 0.14558 D_B 0.17632 | cyc_l1 A 0.0755 B 0.0714 | FID B2A - A2B - | 144s
2026-10-01 21:10:35 | INFO | epoch 20/40 step 9500 lr 2.00e-04 | G 5.913 (gan 0.439/0.516 cyc 0.166/0.173 idt 0.148/0.168) | D_A 0.107 D_B 0.222 | gnG 47.02 gnD 14.89
2026-10-01 21:11:00 | INFO | epoch 20/40 step 9600 lr 2.00e-04 | G 5.435 (gan 0.214/0.737 cyc 0.177/0.127 idt 0.170/0.118) | D_A 0.062 D_B 0.206 | gnG 32.39 gnD 10.58
2026-10-01 21:11:26 | INFO | epoch 20/40 step 9700 lr 2.00e-04 | G 5.874 (gan 0.260/1.192 cyc 0.150/0.130 idt 0.179/0.145) | D_A 0.206 D_B 0.161 | gnG 41.79 gnD 23.28
2026-10-01 21:11:52 | INFO | epoch 20/40 step 9800 lr 2.00e-04 | G 5.727 (gan 0.763/0.451 cyc 0.162/0.144 idt 0.170/0.121) | D_A 0.064 D_B 0.098 | gnG 64.69 gnD 13.15
2026-10-01 21:12:18 | INFO | epoch 20/40 step 9900 lr 2.00e-04 | G 7.701 (gan 0.496/0.733 cyc 0.231/0.196 idt 0.267/0.173) | D_A 0.093 D_B 0.129 | gnG 41.50 gnD 15.78
2026-10-01 21:13:12 | INFO | EPOCH 20/40 | G 5.48771 D_A 0.13956 D_B 0.17115 | cyc_l1 A 0.0740 B 0.0786 | FID B2A 128.703 A2B 128.564 | 147s
2026-10-01 21:13:29 | INFO | epoch 21/40 step 10000 lr 1.90e-04 | G 5.304 (gan 0.289/0.677 cyc 0.128/0.180 idt 0.139/0.113) | D_A 0.075 D_B 0.118 | gnG 40.35 gnD 10.79
2026-10-01 21:13:50 | INFO | epoch 21/40 step 10100 lr 1.90e-04 | G 5.683 (gan 0.564/0.539 cyc 0.179/0.131 idt 0.154/0.142) | D_A 0.077 D_B 0.153 | gnG 29.27 gnD 8.65
2026-10-01 21:14:16 | INFO | epoch 21/40 step 10200 lr 1.90e-04 | G 4.445 (gan 0.508/0.183 cyc 0.124/0.119 idt 0.144/0.120) | D_A 0.231 D_B 0.182 | gnG 24.48 gnD 17.02
2026-10-01 21:14:42 | INFO | epoch 21/40 step 10300 lr 1.90e-04 | G 5.820 (gan 0.491/0.367 cyc 0.178/0.159 idt 0.153/0.165) | D_A 0.185 D_B 0.161 | gnG 34.07 gnD 13.36
2026-10-01 21:15:09 | INFO | epoch 21/40 step 10400 lr 1.90e-04 | G 5.385 (gan 0.604/0.475 cyc 0.143/0.150 idt 0.144/0.131) | D_A 0.080 D_B 0.156 | gnG 28.35 gnD 12.80
2026-10-01 21:15:36 | INFO | EPOCH 21/40 | G 5.34256 D_A 0.13768 D_B 0.17541 | cyc_l1 A 0.0749 B 0.0744 | FID B2A - A2B - | 143s
2026-10-01 21:15:52 | INFO | epoch 22/40 step 10500 lr 1.81e-04 | G 5.870 (gan 0.557/0.494 cyc 0.167/0.146 idt 0.185/0.152) | D_A 0.127 D_B 0.110 | gnG 55.23 gnD 8.78
2026-10-01 21:16:18 | INFO | epoch 22/40 step 10600 lr 1.81e-04 | G 4.540 (gan 0.425/0.339 cyc 0.123/0.131 idt 0.149/0.098) | D_A 0.143 D_B 0.079 | gnG 25.36 gnD 7.50
2026-10-01 21:16:44 | INFO | epoch 22/40 step 10700 lr 1.81e-04 | G 5.102 (gan 0.892/0.272 cyc 0.144/0.120 idt 0.131/0.128) | D_A 0.167 D_B 0.383 | gnG 25.58 gnD 27.96
2026-10-01 21:17:10 | INFO | epoch 22/40 step 10800 lr 1.81e-04 | G 5.914 (gan 0.488/0.539 cyc 0.132/0.190 idt 0.140/0.192) | D_A 0.073 D_B 0.134 | gnG 40.82 gnD 7.87
2026-10-01 21:17:35 | INFO | epoch 22/40 step 10900 lr 1.81e-04 | G 5.131 (gan 0.415/0.537 cyc 0.123/0.169 idt 0.133/0.119) | D_A 0.085 D_B 0.112 | gnG 42.90 gnD 12.09
2026-10-01 21:17:57 | INFO | EPOCH 22/40 | G 5.29347 D_A 0.13684 D_B 0.16714 | cyc_l1 A 0.0716 B 0.0742 | FID B2A - A2B - | 139s
2026-10-01 21:18:17 | INFO | epoch 23/40 step 11000 lr 1.71e-04 | G 5.121 (gan 0.400/0.528 cyc 0.147/0.138 idt 0.138/0.131) | D_A 0.131 D_B 0.180 | gnG 32.59 gnD 11.81
2026-10-01 21:18:44 | INFO | epoch 23/40 step 11100 lr 1.71e-04 | G 4.738 (gan 0.579/0.493 cyc 0.144/0.111 idt 0.128/0.096) | D_A 0.061 D_B 0.220 | gnG 23.32 gnD 15.42
2026-10-01 21:19:10 | INFO | epoch 23/40 step 11200 lr 1.71e-04 | G 5.033 (gan 0.777/0.379 cyc 0.106/0.155 idt 0.128/0.125) | D_A 0.103 D_B 0.132 | gnG 33.96 gnD 13.04
2026-10-01 21:19:37 | INFO | epoch 23/40 step 11300 lr 1.71e-04 | G 5.474 (gan 0.880/0.213 cyc 0.156/0.135 idt 0.160/0.133) | D_A 0.147 D_B 0.228 | gnG 42.89 gnD 23.45
2026-10-01 21:20:03 | INFO | epoch 23/40 step 11400 lr 1.71e-04 | G 4.844 (gan 0.212/0.279 cyc 0.144/0.144 idt 0.152/0.143) | D_A 0.196 D_B 0.206 | gnG 30.71 gnD 21.30
2026-10-01 21:20:32 | INFO | EPOCH 23/40 | G 5.34233 D_A 0.12696 D_B 0.14665 | cyc_l1 A 0.0778 B 0.0784 | FID B2A - A2B - | 153s
2026-10-01 21:20:50 | INFO | epoch 24/40 step 11500 lr 1.62e-04 | G 5.909 (gan 0.485/0.849 cyc 0.149/0.164 idt 0.144/0.146) | D_A 0.058 D_B 0.133 | gnG 52.22 gnD 9.37
2026-10-01 21:21:09 | INFO | epoch 24/40 step 11600 lr 1.62e-04 | G 5.362 (gan 0.387/0.924 cyc 0.118/0.153 idt 0.130/0.138) | D_A 0.082 D_B 0.138 | gnG 39.82 gnD 21.68
2026-10-01 21:21:28 | INFO | epoch 24/40 step 11700 lr 1.62e-04 | G 5.508 (gan 0.545/0.483 cyc 0.139/0.162 idt 0.133/0.161) | D_A 0.096 D_B 0.101 | gnG 25.62 gnD 13.89
2026-10-01 21:21:47 | INFO | epoch 24/40 step 11800 lr 1.62e-04 | G 4.643 (gan 0.375/0.491 cyc 0.136/0.117 idt 0.141/0.108) | D_A 0.126 D_B 0.194 | gnG 42.13 gnD 16.58
2026-10-01 21:22:06 | INFO | epoch 24/40 step 11900 lr 1.62e-04 | G 5.624 (gan 0.270/0.950 cyc 0.122/0.186 idt 0.112/0.152) | D_A 0.219 D_B 0.182 | gnG 36.24 gnD 22.63
2026-10-01 21:22:26 | INFO | EPOCH 24/40 | G 5.50586 D_A 0.12197 D_B 0.15022 | cyc_l1 A 0.0702 B 0.0711 | FID B2A - A2B - | 113s
2026-10-01 21:22:42 | INFO | epoch 25/40 step 12000 lr 1.52e-04 | G 5.520 (gan 0.348/0.762 cyc 0.142/0.156 idt 0.123/0.163) | D_A 0.094 D_B 0.200 | gnG 42.90 gnD 7.48
2026-10-01 21:23:00 | INFO | epoch 25/40 step 12100 lr 1.52e-04 | G 5.254 (gan 0.648/0.541 cyc 0.123/0.134 idt 0.156/0.143) | D_A 0.087 D_B 0.195 | gnG 29.30 gnD 14.76
2026-10-01 21:23:19 | INFO | epoch 25/40 step 12200 lr 1.52e-04 | G 6.743 (gan 0.345/0.931 cyc 0.118/0.257 idt 0.125/0.218) | D_A 0.137 D_B 0.172 | gnG 54.33 gnD 27.46
2026-10-01 21:23:37 | INFO | epoch 25/40 step 12300 lr 1.52e-04 | G 4.981 (gan 0.539/0.908 cyc 0.100/0.135 idt 0.112/0.125) | D_A 0.163 D_B 0.067 | gnG 28.40 gnD 19.86
2026-10-01 21:24:01 | INFO | epoch 25/40 step 12400 lr 1.52e-04 | G 5.705 (gan 0.668/0.889 cyc 0.137/0.151 idt 0.151/0.103) | D_A 0.099 D_B 0.101 | gnG 45.02 gnD 12.45
2026-10-01 21:24:51 | INFO | EPOCH 25/40 | G 5.25605 D_A 0.11812 D_B 0.14706 | cyc_l1 A 0.0659 B 0.0747 | FID B2A 130.243 A2B 119.723 | 115s
2026-10-01 21:25:10 | INFO | epoch 26/40 step 12500 lr 1.43e-04 | G 5.060 (gan 0.516/0.469 cyc 0.126/0.141 idt 0.161/0.120) | D_A 0.111 D_B 0.173 | gnG 33.24 gnD 12.06
2026-10-01 21:25:29 | INFO | epoch 26/40 step 12600 lr 1.43e-04 | G 4.404 (gan 0.566/0.184 cyc 0.097/0.146 idt 0.106/0.140) | D_A 0.151 D_B 0.212 | gnG 27.71 gnD 19.95
2026-10-01 21:25:49 | INFO | epoch 26/40 step 12700 lr 1.43e-04 | G 5.532 (gan 0.565/0.421 cyc 0.131/0.155 idt 0.191/0.145) | D_A 0.083 D_B 0.102 | gnG 35.53 gnD 10.99
2026-10-01 21:26:08 | INFO | epoch 26/40 step 12800 lr 1.43e-04 | G 4.814 (gan 0.304/0.357 cyc 0.127/0.142 idt 0.140/0.152) | D_A 0.118 D_B 0.272 | gnG 26.53 gnD 17.75
2026-10-01 21:26:27 | INFO | epoch 26/40 step 12900 lr 1.43e-04 | G 4.565 (gan 0.216/0.460 cyc 0.114/0.148 idt 0.122/0.132) | D_A 0.102 D_B 0.208 | gnG 31.03 gnD 13.89
2026-10-01 21:26:48 | INFO | EPOCH 26/40 | G 5.12201 D_A 0.12241 D_B 0.14427 | cyc_l1 A 0.0708 B 0.0706 | FID B2A - A2B - | 115s
2026-10-01 21:27:05 | INFO | epoch 27/40 step 13000 lr 1.33e-04 | G 5.330 (gan 0.535/0.534 cyc 0.140/0.146 idt 0.151/0.130) | D_A 0.108 D_B 0.202 | gnG 35.31 gnD 11.32
2026-10-01 21:27:24 | INFO | epoch 27/40 step 13100 lr 1.33e-04 | G 5.244 (gan 1.028/0.425 cyc 0.121/0.146 idt 0.123/0.101) | D_A 0.110 D_B 0.065 | gnG 33.81 gnD 12.88
2026-10-01 21:27:43 | INFO | epoch 27/40 step 13200 lr 1.33e-04 | G 5.047 (gan 0.487/0.727 cyc 0.139/0.114 idt 0.170/0.090) | D_A 0.074 D_B 0.080 | gnG 31.78 gnD 11.01
2026-10-01 21:28:02 | INFO | epoch 27/40 step 13300 lr 1.33e-04 | G 4.763 (gan 0.483/0.611 cyc 0.108/0.134 idt 0.111/0.139) | D_A 0.155 D_B 0.110 | gnG 32.90 gnD 11.62
2026-10-01 21:28:21 | INFO | epoch 27/40 step 13400 lr 1.33e-04 | G 6.526 (gan 0.643/0.807 cyc 0.136/0.213 idt 0.139/0.178) | D_A 0.154 D_B 0.059 | gnG 43.04 gnD 16.51
2026-10-01 21:28:41 | INFO | EPOCH 27/40 | G 5.17896 D_A 0.11349 D_B 0.13592 | cyc_l1 A 0.0672 B 0.0732 | FID B2A - A2B - | 112s
2026-10-01 21:28:59 | INFO | epoch 28/40 step 13500 lr 1.24e-04 | G 4.436 (gan 0.577/0.320 cyc 0.123/0.111 idt 0.144/0.095) | D_A 0.090 D_B 0.109 | gnG 35.89 gnD 16.29
2026-10-01 21:29:19 | INFO | epoch 28/40 step 13600 lr 1.24e-04 | G 4.240 (gan 0.325/0.432 cyc 0.114/0.119 idt 0.125/0.107) | D_A 0.100 D_B 0.232 | gnG 27.05 gnD 13.92
2026-10-01 21:29:38 | INFO | epoch 28/40 step 13700 lr 1.24e-04 | G 5.222 (gan 0.594/0.555 cyc 0.135/0.136 idt 0.147/0.126) | D_A 0.053 D_B 0.119 | gnG 39.26 gnD 8.08
2026-10-01 21:29:57 | INFO | epoch 28/40 step 13800 lr 1.24e-04 | G 6.108 (gan 0.890/0.775 cyc 0.131/0.166 idt 0.156/0.140) | D_A 0.160 D_B 0.163 | gnG 39.15 gnD 19.43
2026-10-01 21:30:16 | INFO | epoch 28/40 step 13900 lr 1.24e-04 | G 5.032 (gan 0.259/0.423 cyc 0.134/0.157 idt 0.123/0.165) | D_A 0.106 D_B 0.184 | gnG 29.25 gnD 18.74
2026-10-01 21:30:36 | INFO | EPOCH 28/40 | G 5.15039 D_A 0.10849 D_B 0.14388 | cyc_l1 A 0.0636 B 0.0753 | FID B2A - A2B - | 114s
2026-10-01 21:30:55 | INFO | epoch 29/40 step 14000 lr 1.14e-04 | G 4.933 (gan 0.539/0.674 cyc 0.115/0.143 idt 0.120/0.107) | D_A 0.132 D_B 0.115 | gnG 37.38 gnD 14.02
2026-10-01 21:31:14 | INFO | epoch 29/40 step 14100 lr 1.14e-04 | G 4.597 (gan 0.587/0.522 cyc 0.127/0.110 idt 0.121/0.102) | D_A 0.088 D_B 0.137 | gnG 28.21 gnD 10.71
2026-10-01 21:31:34 | INFO | epoch 29/40 step 14200 lr 1.14e-04 | G 4.546 (gan 0.294/0.361 cyc 0.107/0.155 idt 0.106/0.148) | D_A 0.178 D_B 0.123 | gnG 29.13 gnD 27.95
2026-10-01 21:31:53 | INFO | epoch 29/40 step 14300 lr 1.14e-04 | G 4.912 (gan 0.588/0.928 cyc 0.105/0.124 idt 0.114/0.108) | D_A 0.068 D_B 0.134 | gnG 36.28 gnD 18.56
2026-10-01 21:32:12 | INFO | epoch 29/40 step 14400 lr 1.14e-04 | G 5.221 (gan 0.422/0.771 cyc 0.121/0.151 idt 0.125/0.137) | D_A 0.221 D_B 0.118 | gnG 43.95 gnD 18.81
2026-10-01 21:32:32 | INFO | EPOCH 29/40 | G 5.06426 D_A 0.11144 D_B 0.13204 | cyc_l1 A 0.0597 B 0.0641 | FID B2A - A2B - | 115s
2026-10-01 21:32:52 | INFO | epoch 30/40 step 14500 lr 1.05e-04 | G 5.462 (gan 0.637/0.583 cyc 0.108/0.165 idt 0.126/0.176) | D_A 0.133 D_B 0.149 | gnG 51.75 gnD 13.42
2026-10-01 21:33:11 | INFO | epoch 30/40 step 14600 lr 1.05e-04 | G 4.622 (gan 0.466/0.397 cyc 0.120/0.136 idt 0.128/0.112) | D_A 0.063 D_B 0.122 | gnG 27.23 gnD 9.58
2026-10-01 21:33:30 | INFO | epoch 30/40 step 14700 lr 1.05e-04 | G 5.360 (gan 0.744/0.736 cyc 0.094/0.152 idt 0.127/0.155) | D_A 0.114 D_B 0.223 | gnG 32.99 gnD 24.78
2026-10-01 21:33:49 | INFO | epoch 30/40 step 14800 lr 1.05e-04 | G 5.133 (gan 0.705/0.452 cyc 0.121/0.141 idt 0.143/0.129) | D_A 0.146 D_B 0.048 | gnG 52.15 gnD 10.93
2026-10-01 21:34:08 | INFO | epoch 30/40 step 14900 lr 1.05e-04 | G 4.539 (gan 0.561/0.472 cyc 0.103/0.125 idt 0.129/0.118) | D_A 0.102 D_B 0.068 | gnG 24.28 gnD 8.97
2026-10-01 21:34:53 | INFO | EPOCH 30/40 | G 4.98395 D_A 0.10706 D_B 0.13784 | cyc_l1 A 0.0604 B 0.0667 | FID B2A 118.981 A2B 121.802 | 115s
2026-10-01 21:35:12 | INFO | epoch 31/40 step 15000 lr 9.52e-05 | G 5.290 (gan 0.900/0.922 cyc 0.092/0.142 idt 0.103/0.124) | D_A 0.104 D_B 0.279 | gnG 74.33 gnD 15.38
2026-10-01 21:35:31 | INFO | epoch 31/40 step 15100 lr 9.52e-05 | G 5.999 (gan 0.793/0.855 cyc 0.139/0.152 idt 0.160/0.128) | D_A 0.058 D_B 0.144 | gnG 36.04 gnD 13.65
2026-10-01 21:35:50 | INFO | epoch 31/40 step 15200 lr 9.52e-05 | G 4.148 (gan 0.577/0.493 cyc 0.108/0.103 idt 0.103/0.091) | D_A 0.144 D_B 0.137 | gnG 37.41 gnD 19.37
2026-10-01 21:36:09 | INFO | epoch 31/40 step 15300 lr 9.52e-05 | G 4.739 (gan 0.631/0.271 cyc 0.125/0.136 idt 0.134/0.111) | D_A 0.120 D_B 0.077 | gnG 33.95 gnD 15.31
2026-10-01 21:36:28 | INFO | epoch 31/40 step 15400 lr 9.52e-05 | G 5.285 (gan 0.606/0.583 cyc 0.129/0.152 idt 0.138/0.120) | D_A 0.098 D_B 0.070 | gnG 36.07 gnD 18.62
2026-10-01 21:36:49 | INFO | EPOCH 31/40 | G 4.90070 D_A 0.10832 D_B 0.13621 | cyc_l1 A 0.0588 B 0.0701 | FID B2A - A2B - | 115s
2026-10-01 21:37:16 | INFO | epoch 32/40 step 15500 lr 8.57e-05 | G 5.084 (gan 0.433/0.963 cyc 0.108/0.133 idt 0.124/0.131) | D_A 0.102 D_B 0.112 | gnG 24.86 gnD 24.84
2026-10-01 21:37:35 | INFO | epoch 32/40 step 15600 lr 8.57e-05 | G 4.381 (gan 0.559/0.636 cyc 0.107/0.106 idt 0.113/0.097) | D_A 0.087 D_B 0.119 | gnG 34.91 gnD 15.26
2026-10-01 21:37:54 | INFO | epoch 32/40 step 15700 lr 8.57e-05 | G 4.969 (gan 0.654/0.612 cyc 0.130/0.119 idt 0.135/0.107) | D_A 0.059 D_B 0.058 | gnG 48.54 gnD 7.87
2026-10-01 21:38:14 | INFO | epoch 32/40 step 15800 lr 8.57e-05 | G 4.747 (gan 0.277/0.776 cyc 0.109/0.135 idt 0.108/0.144) | D_A 0.073 D_B 0.137 | gnG 28.79 gnD 35.68
2026-10-01 21:38:33 | INFO | epoch 32/40 step 15900 lr 8.57e-05 | G 4.938 (gan 0.448/0.515 cyc 0.108/0.164 idt 0.101/0.150) | D_A 0.092 D_B 0.107 | gnG 41.53 gnD 19.67
2026-10-01 21:38:53 | INFO | EPOCH 32/40 | G 4.85783 D_A 0.10401 D_B 0.12326 | cyc_l1 A 0.0599 B 0.0650 | FID B2A - A2B - | 123s
2026-10-01 21:39:13 | INFO | epoch 33/40 step 16000 lr 7.62e-05 | G 6.252 (gan 0.881/1.021 cyc 0.116/0.179 idt 0.111/0.169) | D_A 0.093 D_B 0.136 | gnG 101.19 gnD 22.20
2026-10-01 21:39:32 | INFO | epoch 33/40 step 16100 lr 7.62e-05 | G 4.734 (gan 0.566/0.608 cyc 0.124/0.128 idt 0.112/0.097) | D_A 0.066 D_B 0.106 | gnG 37.64 gnD 11.85
2026-10-01 21:39:51 | INFO | epoch 33/40 step 16200 lr 7.62e-05 | G 4.186 (gan 0.455/0.574 cyc 0.098/0.108 idt 0.100/0.120) | D_A 0.119 D_B 0.135 | gnG 37.00 gnD 23.66
2026-10-01 21:40:10 | INFO | epoch 33/40 step 16300 lr 7.62e-05 | G 4.532 (gan 0.382/0.800 cyc 0.108/0.111 idt 0.131/0.101) | D_A 0.140 D_B 0.198 | gnG 78.51 gnD 14.28
2026-10-01 21:40:29 | INFO | epoch 33/40 step 16400 lr 7.62e-05 | G 4.813 (gan 0.556/0.429 cyc 0.114/0.138 idt 0.129/0.132) | D_A 0.153 D_B 0.128 | gnG 83.71 gnD 15.20
2026-10-01 21:40:49 | INFO | EPOCH 33/40 | G 4.86702 D_A 0.10162 D_B 0.12285 | cyc_l1 A 0.0595 B 0.0652 | FID B2A - A2B - | 115s
2026-10-01 21:41:08 | INFO | epoch 34/40 step 16500 lr 6.67e-05 | G 4.111 (gan 0.231/0.564 cyc 0.111/0.124 idt 0.113/0.082) | D_A 0.089 D_B 0.167 | gnG 37.88 gnD 22.14
2026-10-01 21:41:28 | INFO | epoch 34/40 step 16600 lr 6.67e-05 | G 4.405 (gan 0.736/0.379 cyc 0.094/0.139 idt 0.085/0.107) | D_A 0.066 D_B 0.111 | gnG 43.03 gnD 19.60
2026-10-01 21:41:46 | INFO | epoch 34/40 step 16700 lr 6.67e-05 | G 4.499 (gan 0.508/0.580 cyc 0.102/0.139 idt 0.093/0.108) | D_A 0.083 D_B 0.107 | gnG 28.90 gnD 24.32
2026-10-01 21:42:06 | INFO | epoch 34/40 step 16800 lr 6.67e-05 | G 4.372 (gan 0.579/0.726 cyc 0.106/0.105 idt 0.104/0.086) | D_A 0.053 D_B 0.065 | gnG 71.38 gnD 10.92
2026-10-01 21:42:25 | INFO | epoch 34/40 step 16900 lr 6.67e-05 | G 4.114 (gan 0.560/0.587 cyc 0.101/0.100 idt 0.121/0.070) | D_A 0.064 D_B 0.057 | gnG 35.46 gnD 11.21
2026-10-01 21:42:45 | INFO | EPOCH 34/40 | G 4.74418 D_A 0.10170 D_B 0.12189 | cyc_l1 A 0.0568 B 0.0648 | FID B2A - A2B - | 115s
2026-10-01 21:43:05 | INFO | epoch 35/40 step 17000 lr 5.71e-05 | G 4.872 (gan 0.330/0.630 cyc 0.102/0.143 idt 0.143/0.150) | D_A 0.066 D_B 0.222 | gnG 43.72 gnD 40.35
2026-10-01 21:43:24 | INFO | epoch 35/40 step 17100 lr 5.71e-05 | G 4.417 (gan 0.526/0.582 cyc 0.091/0.120 idt 0.122/0.117) | D_A 0.102 D_B 0.131 | gnG 37.52 gnD 21.33
2026-10-01 21:43:43 | INFO | epoch 35/40 step 17200 lr 5.71e-05 | G 5.085 (gan 0.915/0.707 cyc 0.102/0.134 idt 0.102/0.119) | D_A 0.094 D_B 0.148 | gnG 85.74 gnD 18.39
2026-10-01 21:44:07 | INFO | epoch 35/40 step 17300 lr 5.71e-05 | G 4.427 (gan 0.638/0.712 cyc 0.092/0.119 idt 0.091/0.104) | D_A 0.079 D_B 0.079 | gnG 37.85 gnD 8.99
2026-10-01 21:44:27 | INFO | epoch 35/40 step 17400 lr 5.71e-05 | G 4.681 (gan 0.578/0.643 cyc 0.100/0.128 idt 0.122/0.114) | D_A 0.117 D_B 0.171 | gnG 54.80 gnD 13.98
2026-10-01 21:45:12 | INFO | EPOCH 35/40 | G 4.70897 D_A 0.10351 D_B 0.12375 | cyc_l1 A 0.0566 B 0.0649 | FID B2A 123.528 A2B 121.251 | 121s
2026-10-01 21:45:31 | INFO | epoch 36/40 step 17500 lr 4.76e-05 | G 5.147 (gan 0.744/0.360 cyc 0.108/0.174 idt 0.107/0.138) | D_A 0.079 D_B 0.101 | gnG 55.61 gnD 15.37
2026-10-01 21:45:50 | INFO | epoch 36/40 step 17600 lr 4.76e-05 | G 4.389 (gan 0.529/0.474 cyc 0.088/0.129 idt 0.128/0.115) | D_A 0.125 D_B 0.118 | gnG 49.97 gnD 16.83
2026-10-01 21:46:09 | INFO | epoch 36/40 step 17700 lr 4.76e-05 | G 4.697 (gan 0.658/0.283 cyc 0.103/0.155 idt 0.102/0.132) | D_A 0.147 D_B 0.167 | gnG 57.30 gnD 19.81
2026-10-01 21:46:27 | INFO | epoch 36/40 step 17800 lr 4.76e-05 | G 4.481 (gan 0.435/0.808 cyc 0.080/0.128 idt 0.100/0.133) | D_A 0.102 D_B 0.108 | gnG 32.46 gnD 21.42
2026-10-01 21:46:46 | INFO | epoch 36/40 step 17900 lr 4.76e-05 | G 4.270 (gan 0.607/0.899 cyc 0.086/0.101 idt 0.087/0.091) | D_A 0.167 D_B 0.087 | gnG 66.57 gnD 19.83
2026-10-01 21:47:07 | INFO | EPOCH 36/40 | G 4.64115 D_A 0.09957 D_B 0.12559 | cyc_l1 A 0.0557 B 0.0647 | FID B2A - A2B - | 113s
2026-10-01 21:47:26 | INFO | epoch 37/40 step 18000 lr 3.81e-05 | G 4.552 (gan 0.774/0.641 cyc 0.096/0.115 idt 0.102/0.102) | D_A 0.072 D_B 0.207 | gnG 41.85 gnD 19.51
2026-10-01 21:47:45 | INFO | epoch 37/40 step 18100 lr 3.81e-05 | G 4.446 (gan 0.524/0.569 cyc 0.124/0.101 idt 0.138/0.082) | D_A 0.059 D_B 0.103 | gnG 54.32 gnD 20.10
2026-10-01 21:48:03 | INFO | epoch 37/40 step 18200 lr 3.81e-05 | G 4.495 (gan 0.468/0.479 cyc 0.090/0.136 idt 0.091/0.166) | D_A 0.084 D_B 0.068 | gnG 45.33 gnD 14.81
2026-10-01 21:48:22 | INFO | epoch 37/40 step 18300 lr 3.81e-05 | G 4.086 (gan 0.381/0.717 cyc 0.087/0.120 idt 0.087/0.096) | D_A 0.136 D_B 0.172 | gnG 65.21 gnD 17.50
2026-10-01 21:48:41 | INFO | epoch 37/40 step 18400 lr 3.81e-05 | G 4.267 (gan 0.342/0.520 cyc 0.092/0.127 idt 0.102/0.141) | D_A 0.145 D_B 0.136 | gnG 40.16 gnD 22.28
2026-10-01 21:49:01 | INFO | EPOCH 37/40 | G 4.63455 D_A 0.09835 D_B 0.12577 | cyc_l1 A 0.0540 B 0.0617 | FID B2A - A2B - | 113s
2026-10-01 21:49:21 | INFO | epoch 38/40 step 18500 lr 2.86e-05 | G 4.629 (gan 0.592/0.754 cyc 0.108/0.112 idt 0.107/0.110) | D_A 0.088 D_B 0.071 | gnG 44.75 gnD 20.03
2026-10-01 21:49:40 | INFO | epoch 38/40 step 18600 lr 2.86e-05 | G 3.791 (gan 0.372/0.399 cyc 0.096/0.112 idt 0.092/0.096) | D_A 0.082 D_B 0.139 | gnG 78.91 gnD 15.88
2026-10-01 21:49:59 | INFO | epoch 38/40 step 18700 lr 2.86e-05 | G 4.584 (gan 0.661/0.758 cyc 0.093/0.125 idt 0.106/0.091) | D_A 0.125 D_B 0.182 | gnG 150.76 gnD 16.54
2026-10-01 21:50:18 | INFO | epoch 38/40 step 18800 lr 2.86e-05 | G 4.742 (gan 0.389/0.767 cyc 0.117/0.119 idt 0.122/0.122) | D_A 0.068 D_B 0.184 | gnG 76.36 gnD 17.02
2026-10-01 21:50:36 | INFO | epoch 38/40 step 18900 lr 2.86e-05 | G 4.662 (gan 0.603/0.794 cyc 0.101/0.105 idt 0.146/0.094) | D_A 0.115 D_B 0.150 | gnG 55.69 gnD 19.25
2026-10-01 21:50:57 | INFO | EPOCH 38/40 | G 4.54024 D_A 0.09587 D_B 0.13237 | cyc_l1 A 0.0527 B 0.0632 | FID B2A - A2B - | 114s
2026-10-01 21:51:15 | INFO | epoch 39/40 step 19000 lr 1.90e-05 | G 4.611 (gan 0.322/0.853 cyc 0.112/0.122 idt 0.129/0.091) | D_A 0.052 D_B 0.119 | gnG 31.39 gnD 21.24
2026-10-01 21:51:34 | INFO | epoch 39/40 step 19100 lr 1.90e-05 | G 3.816 (gan 0.295/0.479 cyc 0.094/0.110 idt 0.102/0.100) | D_A 0.098 D_B 0.134 | gnG 54.44 gnD 16.57
2026-10-01 21:51:53 | INFO | epoch 39/40 step 19200 lr 1.90e-05 | G 3.925 (gan 0.529/0.604 cyc 0.085/0.107 idt 0.091/0.084) | D_A 0.126 D_B 0.140 | gnG 59.52 gnD 13.27
2026-10-01 21:52:12 | INFO | epoch 39/40 step 19300 lr 1.90e-05 | G 5.394 (gan 0.565/0.872 cyc 0.088/0.160 idt 0.128/0.166) | D_A 0.058 D_B 0.086 | gnG 80.67 gnD 21.96
2026-10-01 21:52:31 | INFO | epoch 39/40 step 19400 lr 1.90e-05 | G 4.856 (gan 0.389/0.806 cyc 0.107/0.142 idt 0.110/0.125) | D_A 0.105 D_B 0.204 | gnG 75.74 gnD 16.25
2026-10-01 21:52:52 | INFO | EPOCH 39/40 | G 4.51014 D_A 0.09399 D_B 0.13945 | cyc_l1 A 0.0527 B 0.0614 | FID B2A - A2B - | 114s
2026-10-01 21:53:11 | INFO | epoch 40/40 step 19500 lr 9.52e-06 | G 4.081 (gan 0.660/0.588 cyc 0.084/0.106 idt 0.090/0.095) | D_A 0.086 D_B 0.144 | gnG 99.43 gnD 16.79
2026-10-01 21:53:30 | INFO | epoch 40/40 step 19600 lr 9.52e-06 | G 4.387 (gan 0.463/0.905 cyc 0.095/0.108 idt 0.087/0.111) | D_A 0.149 D_B 0.135 | gnG 54.02 gnD 17.25
2026-10-01 21:53:49 | INFO | epoch 40/40 step 19700 lr 9.52e-06 | G 4.402 (gan 0.529/0.821 cyc 0.089/0.114 idt 0.093/0.111) | D_A 0.049 D_B 0.149 | gnG 49.92 gnD 12.55
2026-10-01 21:54:08 | INFO | epoch 40/40 step 19800 lr 9.52e-06 | G 4.041 (gan 0.539/0.734 cyc 0.078/0.110 idt 0.084/0.093) | D_A 0.094 D_B 0.175 | gnG 43.56 gnD 22.90
2026-10-01 21:54:27 | INFO | epoch 40/40 step 19900 lr 9.52e-06 | G 4.078 (gan 0.508/0.661 cyc 0.083/0.111 idt 0.091/0.103) | D_A 0.103 D_B 0.143 | gnG 57.98 gnD 16.36
2026-10-01 21:55:12 | INFO | EPOCH 40/40 | G 4.45808 D_A 0.08946 D_B 0.13940 | cyc_l1 A 0.0521 B 0.0618 | FID B2A 121.635 A2B 118.086 | 115s
2026-10-01 21:55:13 | INFO | DONE run cyclegan_v1_20261001-201801 | 91.2 min | 36.0 images/s | non-finite steps 0 | peak {'peak_cpu_rss_mb': 3568.62890625, 'peak_gpu_allocated_mb': 19921.7041015625, 'peak_gpu_reserved_mb': 20980.0}
